Archive member included to satisfy reference by file (symbol)

_COMMONCCPPLCC.LIB(_PLCmain.o)
                              TenK_DM430.obj (__MAIN_INIT)
_COMMONCCPPLCC.LIB(PLCopenXML_stg_.o)
                              DM430E_1_1_1_X_T.obj (St_ORGANIZE_INTS_Ccp_St_ORGANIZE_INTS_Exec)
_COMMONCCPPLCC.LIB(__stdlib_plc_func.o)
                              _COMMONCCPPLCC.LIB(_PLCmain.o) (STD__SUB__USINT_USINT)
_COMMONCCPPLCC.LIB(__stdlib_plc_func_common.o)
                              _COMMONCCPPLCC.LIB(_PLCmain.o) (__RUNTIME_ERROR_FLAGS)
AppLayer.a(RamTest.o)         cstart.o (g_U16_RamInitFault)
AppLayer.a(main.o)            cstart.o (main)
AppLayer.a(wdog.o)            AppLayer.a(main.o) (K_B_InitWdog)
AppLayer.a(mcu_init.o)        cstart.o (K_V_InitMcu)
AppLayer.a(system.o)          AppLayer.a(mcu_init.o) (K_V_InitSystemTimer)
AppLayer.a(unitinfo.o)        AppLayer.a(main.o) (K_V_KernelHWInfoUpdate)
AppLayer.a(Memory.o)          AppLayer.a(unitinfo.o) (KC_V_CpyMem)
AppLayer.a(checksum.o)        AppLayer.a(unitinfo.o) (KC_U16_CalcChecksum)
AppLayer.a(RTOS_Chibios.o)    diagdata.o (_SRTOSUsage)
AppLayer.a(EEPROMdrv.o)       AppLayer.a(main.o) (K_V_InitSpiEprom)
AppLayer.a(EEPROMSize.o)      AppLayer.a(EEPROMdrv.o) (g_U16_EepromSize)
AppLayer.a(KWP2kApp.o)        TenK_DM430.obj (_EAsK3BsX)
AppLayer.a(InfoBlocks.o)      TenK_DM430.obj (_AppId1)
AppLayer.a(wwdog.o)           AppLayer.a(RTOS_Chibios.o) (K_V_ResetWindowWatchdog)
AppLayer.a(chcore_v7m.o)      AppLayer.a(RTOS_Chibios.o) (SVC_Handler)
AppLayer.a(chsys.o)           AppLayer.a(RTOS_Chibios.o) (chSysInit)
AppLayer.a(chvt.o)            AppLayer.a(chsys.o) (_vt_init)
AppLayer.a(chschd.o)          AppLayer.a(RTOS_Chibios.o) (ch)
AppLayer.a(chthreads.o)       AppLayer.a(chsys.o) (_thread_init)
AppLayer.a(chregistry.o)      AppLayer.a(chsys.o) (ch_debug)
AppLayer.a(chsem.o)           AppLayer.a(RTOS_Chibios.o) (chSemObjectInit)
AppLayer.a(chmtx.o)           AppLayer.a(RTOS_Chibios.o) (chMtxLock)
AppLayer.a(chevents.o)        AppLayer.a(RTOS_Chibios.o) (chEvtRegisterMaskWithFlags)
AppLayer.a(chqueues.o)        AppLayer.a(RTOS_Chibios.o) (chIQPutI)
AppLayer.a(chmemcore.o)       AppLayer.a(chsys.o) (_core_init)
AppLayer.a(chheap.o)          AppLayer.a(chsys.o) (_heap_init)
AppLayer.a(chtm.o)            AppLayer.a(chsys.o) (_tm_init)
AppLayer.a(chcoreasm_v7m.o)   AppLayer.a(chschd.o) (_port_switch)
AppLayer.a(ugraph_graphic_port.o)
                              DM430E_1_1_1_X_T.obj (_GraphicTreeDelivered)
AppLayer.a(ugraph_graphic_port.iram.o)
                              AppLayer.a(ugraph_graphic_port.o) (DrawRGBRLE)
AppLayer.a(ugraph_uport.o)    CD6937D80_DAB3_46BF_BD14_2475965968A1.obj (_IF_ASSIGN)
AppLayer.a(dp2xxgfxdrv.o)     AppLayer.a(ugraph_graphic_port.o) (request_video_bitmap)
AppLayer.a(mysyscalls.o)      (_sbrk)
AppLayer.a(DMA2D.o)           AppLayer.a(ugraph_graphic_port.o) (DMA2D_Init)
AppLayer.a(ugraph_portmem.o)  AppLayer.a(ugraph_uport.o) (ScreenAreaAlloc)
AppLayer.a(EEUSER.o)          AppLayer.a(KWP2kApp.o) (AC_V_UserStorageDirect)
AppLayer.a(Dio_NoMM.o)        AppLayer.a(EEPROMdrv.o) (AC_V_DioWriteChannel)
AppLayer.a(Serial_Do.o)       AppLayer.a(Dio_NoMM.o) (AC_E_SERIALDioReadChannel)
AppLayer.a(NVAPI.o)           AppLayer.a(EEUSER.o) (KC_B_NVAPI_IsPending)
AppLayer.a(DM430E_config.o)   AppLayer.a(mcu_init.o) (ECU_V_InitExtMemBus)
AppLayer.a(datacontainer.o)   AppLayer.a(chsys.o) (idle)
AppLayer.a(task.o)            AppLayer.a(main.o) (ECU_U16_InitApplicationLayer)
AppLayer.a(DriverConfig.o)    AppLayer.a(task.o) (ECU_V_AdcMultiPlexADC1)
AppLayer.a(interface.o)       diagdata.o (CAN)
AppLayer.a(CAN.o)             AppLayer.a(task.o) (AC_U32_CANInterfaceGetBaudrate)
AppLayer.a(KWP2kService.o)    AppLayer.a(task.o) (AC_V_PreInitKwp2k)
AppLayer.a(CanSymbol.o)       DM430E_1_1_1_X_T.obj (_CANSYM_TX_ADD)
AppLayer.a(DA3.o)             AppLayer.a(task.o) (AC_V_DA3InInit)
AppLayer.a(D3_Button_In.o)    AppLayer.a(task.o) (AC_V_D3ButtonInUpdate)
AppLayer.a(DA1.o)             AppLayer.a(task.o) (AC_V_DA1InInit)
AppLayer.a(DAFRC3.o)          AppLayer.a(task.o) (AC_V_DAFRC3InInit)
AppLayer.a(UART4.o)           AppLayer.a(task.o) (AC_V_InitUART4)
AppLayer.a(USB_STM32F7xx_CanDriver.o)
                              AppLayer.a(CAN.o) (g_S_USBCanSTM32Fxxx_Driver)
AppLayer.a(USBCanBridge.o)    AppLayer.a(task.o) (AC_V_UsbCanBridgePreInit)
AppLayer.a(usb_device.o)      AppLayer.a(USB_STM32F7xx_CanDriver.o) (MX_USB_DEVICE_Init)
AppLayer.a(usbd_core.o)       AppLayer.a(usb_device.o) (USBD_Init)
AppLayer.a(usbd_conf.o)       AppLayer.a(usbd_core.o) (USBD_LL_Init)
AppLayer.a(usbd_ioreq.o)      AppLayer.a(usbd_core.o) (USBD_CtlContinueSendData)
AppLayer.a(usbd_ctlreq.o)     AppLayer.a(usbd_core.o) (USBD_StdDevReq)
AppLayer.a(stm32f7xx_hal_pcd.o)
                              AppLayer.a(usbd_conf.o) (HAL_PCD_Init)
AppLayer.a(stm32f7xx_hal_pcd_ex.o)
[...]
Memory Configuration

Name             Origin             Length             Attributes
STACK            0x20000000         0x00000600         xrw
VECTORTABLERAM   0x20000800         0x00000400         xrw
DTCM_RAM         0x20000c00         0x0001f200         xrw
ITCM_RAM         0x00000000         0x00004000         xrw
BOOTSHAREDRAM    0x20020400         0x00000040         xrw
SECBOOTSHAREDRAM 0x20020440         0x00000040         xrw
RAM              0x20020480         0x0005bb80         xrw
RAM1             0x2007c000         0x00004000         xrw
EXT_BUFFER1      0x60000000         0x00080000         xrw
EXT_SDRAM1       0x60080000         0x00050000         xrw
EXT_BUFFER2      0x61000000         0x00080000         xrw
EXT_SDRAM2       0x61080000         0x00000000         xrw
EXT_BUFFER3      0x62000000         0x00400000         xrw
EXT_SDRAM3       0x62400000         0x00c00000         xrw
EXT_BUFFER4      0x63000000         0x00080000         xrw
EXT_SDRAM4       0x63080000         0x00f80000         xrw
BKPSRAM          0x40024000         0x00001000         xrw
OTP              0x1ff0f000         0x00000400         xr
KRNVECTORTABLEFLASH 0x08008000         0x00000040         xr
KRNVALIDAPPFLASH 0x08008040         0x00000004         xr
KRNCRCTABLEFLASH 0x08008044         0x00000014         xr
RSVDFORSECONDBOOT 0x08008058         0x00000008         xr
KRNFLASH_I       0x08008060         0x00003fa0         xr
KRNFLASH         0x0800c000         0x001f4000         xr
EXT_QSPIFLASH    0x90000000         0x02000000         xr
*default*        0x00000000         0xffffffff

Linker script and memory map

LOAD _TIMEKEY.o
LOAD _NVDATA.o
LOAD diagdata.o
LOAD _DynamicDiagnostic.o
LOAD __FontData.obj
LOAD _TEXTDEFINITIONS.OBJ
LOAD stubextfunc.o
LOAD stubbootfunc.o
LOAD TenK_DM430.obj
LOAD DM430E_1_1_1_X_T.obj
LOAD CD6937D80_DAB3_46BF_BD14_2475965968A1.obj
LOAD CCB2E4559_AEC3_4437_8FE1_48A07FDAA617.obj
LOAD C49B02B97_88A0_4711_A8B6_DB8B71EA5BB0.obj
LOAD C27B4991C_F926_43DC_8BF2_62959109410F.obj
LOAD ___Image3.obj
LOAD ___Image4.obj
LOAD ___Image6.obj
LOAD ___Image9.obj
LOAD ___Image11.obj
LOAD ___Image2.obj
LOAD ___Image5.obj
LOAD ___Image7.obj
LOAD ___Image10.obj
LOAD ___Image1.obj
LOAD ___Image8.obj
LOAD _COMMONCCPPLCC.LIB
LOAD cstart.o
LOAD HexRangeCrcTables.o
LOAD AppLayer.a
LOAD C:\ProgramData\Danfoss\PLUS1\2023.1\Data\ExtCompiler\ARM\v5.4-2016q3\arm-none-eabi\lib\armv7e-m\fpu\libg.a
LOAD C:\ProgramData\Danfoss\PLUS1\2023.1\Data\ExtCompiler\ARM\v5.4-2016q3\arm-none-eabi\lib\armv7e-m\fpu\libm.a
LOAD C:\ProgramData\Danfoss\PLUS1\2023.1\Data\ExtCompiler\ARM\v5.4-2016q3\lib\gcc\arm-none-eabi\5.4.1\armv7e-m\fpu\libgcc.a
LOAD C:\ProgramData\Danfoss\PLUS1\2023.1\Data\ExtCompiler\ARM\v5.4-2016q3\arm-none-eabi\lib\armv7e-m\fpu\libc.a
                0x00000400                __main_stack_size__ = 0x400
                0x00000200                __process_stack_size__ = 0x200
                0x00000600                __stacks_total_size__ = (__main_stack_size__ + __process_stack_size__)
                0x20020480                __ram_start__ = ORIGIN (RAM)
                0x0005bb80                __ram_size__ = LENGTH (RAM)
                0x2007c000                __ram_end__ = (__ram_start__ + __ram_size__)
                0x20020400                __shared_boot_ram_start = ORIGIN (BOOTSHAREDRAM)
                0x1ff0f000                _otp_base_address = ORIGIN (OTP)
                0x00000004                _validData_size = LENGTH (KRNVALIDAPPFLASH)
                0x00001000                _BkpSRAM_size = LENGTH (BKPSRAM)
                0x00000000                . = 0x0

.isr_vector     0x08008000       0x40
                0x08008000                . = ALIGN (0x4)
                0x08008000                __krn_vector_table_start = .
 *(.isr_vector)
 .isr_vector    0x08008000       0x40 cstart.o
                0x08008000                g_pF_Vectors
                0x08008040                . = ALIGN (0x4)
                0x08008040                __krn_vector_table_end = .

.second_bootloader_flags
                0x08008058        0x0
                0x08008058                . = ALIGN (0x4)
                0x08008058                __second_bootloader_flags_start = .
 *(.second_bootloader_flags)
                0x08008058                . = ALIGN (0x4)
                0x08008058                __second_bootloader_flags_end = .

.validApp       0x08008040        0x4
                0x08008040                . = ALIGN (0x4)
                0x08008040                _validData = .
 *(.validApp)
 .validApp      0x08008040        0x4 AppLayer.a(datacontainer.o)
                0x08008040                g_KU32A_ValidAppPlaceHolder

.CRCField       0x08008044       0x14
                0x08008044                . = ALIGN (0x4)
                0x08008044                PROVIDE (_CRCSTART, .)
 *(.CRCField)
 .CRCField      0x08008044       0x14 HexRangeCrcTables.o
                0x08008044                g_KU16A_CRCLoc
                0x08008058                . = ALIGN (0x4)

.textKrnl       0x08008060     0x3a48
 *cstart.o(.text.*)
 .text.M_V_DefaultHandler
                0x08008060       0x4c cstart.o
 .text.M_B_TestAddressBus.part.0
                0x080080ac       0xe4 cstart.o
 .text.M_B_TestDevice.part.1
                0x08008190       0x70 cstart.o
 .text.M_V_ResetHandler
                0x08008200      0x7b4 cstart.o
 .text.K_V_DefaultISRHandler
                0x080089b4        0x8 cstart.o
                0x080089b4                K_V_DefaultISRHandler
 .text.M_V_DefaultHandler8
                0x080089bc        0x8 cstart.o
 .text.M_V_DefaultHandler7
                0x080089c4        0x8 cstart.o
 .text.M_V_DefaultHandler6
                0x080089cc        0x8 cstart.o
 .text.M_V_DefaultHandler5
                0x080089d4        0x8 cstart.o
 .text.M_V_DefaultHandler4
                0x080089dc        0x8 cstart.o
 .text.M_V_DefaultHandler3
                0x080089e4        0x8 cstart.o
 .text.M_V_DefaultHandler2
                0x080089ec        0x8 cstart.o
 .text.M_V_DefaultHandler1
                0x080089f4        0x8 cstart.o
 *AppLayer.a:checksum.o(.text.*)
 .text.KC_U16_CRCAdd
                0x080089fc       0x70 AppLayer.a(checksum.o)
                0x080089fc                KC_U16_CRCAdd
 .text.KC_U16_CalcChecksum
                0x08008a6c       0x28 AppLayer.a(checksum.o)
                0x08008a6c                KC_U16_CalcChecksum
 .text.KC_U16_CalcChecksumByte
                0x08008a94       0x2c AppLayer.a(checksum.o)
                0x08008a94                KC_U16_CalcChecksumByte
 *AppLayer.a:unitinfo.o(.text.*)
 .text.K_U16_GetKernelProductionInfo
                0x08008ac0       0x80 AppLayer.a(unitinfo.o)
                0x08008ac0                K_U16_GetKernelProductionInfo
 .text.K_U16_GetKernelHWInfo
                0x08008b40       0xd0 AppLayer.a(unitinfo.o)
                0x08008b40                K_U16_GetKernelHWInfo
 .text.K_E_SetKernelHWInfo
                0x08008c10       0x68 AppLayer.a(unitinfo.o)
                0x08008c10                K_E_SetKernelHWInfo
 .text.K_E_CheckKernelHWInfoStatus
                0x08008c78        0xc AppLayer.a(unitinfo.o)
                0x08008c78                K_E_CheckKernelHWInfoStatus
 .text.K_V_KernelHWInfoUpdate
                0x08008c84       0x78 AppLayer.a(unitinfo.o)
                0x08008c84                K_V_KernelHWInfoUpdate
 .text.K_V_ReadEEPROMUnitInfo
                0x08008cfc       0x24 AppLayer.a(unitinfo.o)
                0x08008cfc                K_V_ReadEEPROMUnitInfo
 .text.K_V_WriteEEPROMUnitInfo
                0x08008d20       0x24 AppLayer.a(unitinfo.o)
                0x08008d20                K_V_WriteEEPROMUnitInfo
 *AppLayer.a:vector.o(.text.*)
 .text.K_V_InitVectTable
                0x08008d44       0x44 AppLayer.a(vector.o)
                0x08008d44                K_V_InitVectTable
 .text.K_V_VectorHandlerSet
                0x08008d88       0x10 AppLayer.a(vector.o)
                0x08008d88                K_V_VectorHandlerSet
 .text.K_V_VectorEnable
                0x08008d98      0x108 AppLayer.a(vector.o)
                0x08008d98                K_V_VectorEnable
 .text.K_V_VectorSetPrio
                0x08008ea0       0x30 AppLayer.a(vector.o)
                0x08008ea0                K_V_VectorSetPrio
 *AppLayer.a:chmempools.o(.text.*)
 *AppLayer.a:chheap.o(.text.*)
 .text._heap_init
                0x08008ed0       0x1c AppLayer.a(chheap.o)
                0x08008ed0                _heap_init
 *AppLayer.a:KWP2kSocket.o(.text.*)
 .text.M_E_KWP2kSocketInit
                0x08008eec       0x30 AppLayer.a(KWP2kSocket.o)
 .text.M_V_KWP2kProcessTx
                0x08008f1c       0xf0 AppLayer.a(KWP2kSocket.o)
 .text.M_V_CheckProcessTXQueue
                0x0800900c       0x8c AppLayer.a(KWP2kSocket.o)
 .text.M_E_KWP2kSocketGet
                0x08009098       0x3c AppLayer.a(KWP2kSocket.o)
 .text.M_E_KWP2kSocketPut
                0x080090d4      0x170 AppLayer.a(KWP2kSocket.o)
 .text.M_E_mKWP2kSocketReadFromStream
                0x08009244      0x23c AppLayer.a(KWP2kSocket.o)
 .text.M_E_KWP2kSocketWriteToStream
                0x08009480       0x50 AppLayer.a(KWP2kSocket.o)
 .text.KC_V_KWP2kProcess
                0x080094d0       0x48 AppLayer.a(KWP2kSocket.o)
                0x080094d0                KC_V_KWP2kProcess
 .text.KC_V_KWP2kEnable
                0x08009518        0x8 AppLayer.a(KWP2kSocket.o)
                0x08009518                KC_V_KWP2kEnable
 .text.KC_B_KWP2kIsEnabled
                0x08009520        0x8 AppLayer.a(KWP2kSocket.o)
                0x08009520                KC_B_KWP2kIsEnabled
 *AppLayer.a:chcore_v7m.o(.text.*)
 .text.SVC_Handler
                0x08009528       0x20 AppLayer.a(chcore_v7m.o)
                0x08009528                SVC_Handler
 .text._port_irq_epilogue
                0x08009548       0x60 AppLayer.a(chcore_v7m.o)
                0x08009548                _port_irq_epilogue
 *AppLayer.a:chschd.o(.text.*)
 .text.wakeup   0x080095a8       0x74 AppLayer.a(chschd.o)
 .text._scheduler_init
                0x0800961c       0x14 AppLayer.a(chschd.o)
                0x0800961c                _scheduler_init
 .text.chSchReadyI
                0x08009630       0x2c AppLayer.a(chschd.o)
                0x08009630                chSchReadyI
 .text.chSchGoSleepS
                0x0800965c       0x54 AppLayer.a(chschd.o)
                0x0800965c                chSchGoSleepS
 .text.chSchGoSleepTimeoutS
                0x080096b0       0x44 AppLayer.a(chschd.o)
                0x080096b0                chSchGoSleepTimeoutS
 .text.chSchWakeupS
                0x080096f4       0x80 AppLayer.a(chschd.o)
                0x080096f4                chSchWakeupS
 .text.chSchIsPreemptionRequired
                0x08009774       0x28 AppLayer.a(chschd.o)
                0x08009774                chSchIsPreemptionRequired
 .text.chSchDoRescheduleBehind
                0x0800979c       0x60 AppLayer.a(chschd.o)
                0x0800979c                chSchDoRescheduleBehind
 .text.chSchDoRescheduleAhead
                0x080097fc       0x58 AppLayer.a(chschd.o)
                0x080097fc                chSchDoRescheduleAhead
 .text.chSchRescheduleS
                0x08009854       0x18 AppLayer.a(chschd.o)
                0x08009854                chSchRescheduleS
 .text.chSchDoReschedule
                0x0800986c       0x18 AppLayer.a(chschd.o)
                0x0800986c                chSchDoReschedule
 *AppLayer.a:EEPROMdrv.o(.text.*)
 .text.M_V_CSOff
                0x08009884       0x30 AppLayer.a(EEPROMdrv.o)
 .text.M_V_CSOn
                0x080098b4       0x30 AppLayer.a(EEPROMdrv.o)
 .text.M_U16_ReadEprom
                0x080098e4       0x94 AppLayer.a(EEPROMdrv.o)
 .text.M_U16_WriteEprom
                0x08009978       0xd8 AppLayer.a(EEPROMdrv.o)
 .text.K_V_InitSpiEprom
                0x08009a50        0x4 AppLayer.a(EEPROMdrv.o)
                0x08009a50                K_V_InitSpiEprom
 .text.K_U16_CaptureModeSpiEprom
                0x08009a54       0x60 AppLayer.a(EEPROMdrv.o)
                0x08009a54                K_U16_CaptureModeSpiEprom
 .text.K_U16_WriteSpiEpromBlock
                0x08009ab4       0xdc AppLayer.a(EEPROMdrv.o)
                0x08009ab4                K_U16_WriteSpiEpromBlock
 .text.K_U16_ReadSpiEpromBlockDirect
                0x08009b90       0x14 AppLayer.a(EEPROMdrv.o)
                0x08009b90                K_U16_ReadSpiEpromBlockDirect
 *AppLayer.a:chsys.o(.text.*)
 .text._idle_thread
                0x08009ba4        0x8 AppLayer.a(chsys.o)
 .text.chSysInit
                0x08009bac       0xc0 AppLayer.a(chsys.o)
                0x08009bac                chSysInit
 .text.chSysHalt
                0x08009c6c        0xc AppLayer.a(chsys.o)
                0x08009c6c                chSysHalt
 .text.chSysTimerHandlerI
                0x08009c78       0x54 AppLayer.a(chsys.o)
                0x08009c78                chSysTimerHandlerI
 *AppLayer.a:chmtx.o(.text.*)
 .text.chMtxObjectInit
                0x08009ccc        0xc AppLayer.a(chmtx.o)
                0x08009ccc                chMtxObjectInit
 .text.chMtxLockS
                0x08009cd8       0xc8 AppLayer.a(chmtx.o)
                0x08009cd8                chMtxLockS
 .text.chMtxLock
                0x08009da0       0x14 AppLayer.a(chmtx.o)
                0x08009da0                chMtxLock
 .text.chMtxTryLock
                0x08009db4       0x30 AppLayer.a(chmtx.o)
                0x08009db4                chMtxTryLock
 .text.chMtxUnlock
                0x08009de4       0x64 AppLayer.a(chmtx.o)
                0x08009de4                chMtxUnlock
 *AppLayer.a:system.o(.text.*)
 .text.K_U32_GetSystemUs
                0x08009e48        0x8 AppLayer.a(system.o)
                0x08009e48                K_U32_GetSystemUs
 .text.K_V_DelayUs
                0x08009e50       0x20 AppLayer.a(system.o)
                0x08009e50                K_V_DelayUs
 .text.K_V_DelayMs
                0x08009e70       0x38 AppLayer.a(system.o)
                0x08009e70                K_V_DelayMs
 .text.K_V_SystemReset
                0x08009ea8       0x9c AppLayer.a(system.o)
                0x08009ea8                K_V_SystemReset
 .text.K_V_InitSystemTimer
                0x08009f44       0x40 AppLayer.a(system.o)
                0x08009f44                K_V_InitSystemTimer
 .text.K_V_SetPriMask
                0x08009f84       0x10 AppLayer.a(system.o)
                0x08009f84                K_V_SetPriMask
 *AppLayer.a:chthreads.o(.text.*)
 .text._thread_init
                0x08009f94       0x48 AppLayer.a(chthreads.o)
                0x08009f94                _thread_init
 .text.chThdCreateStatic
                0x08009fdc       0x78 AppLayer.a(chthreads.o)
                0x08009fdc                chThdCreateStatic
 .text.chThdSetPriority
                0x0800a054       0x30 AppLayer.a(chthreads.o)
                0x0800a054                chThdSetPriority
 .text.chThdSleep
                0x0800a084       0x18 AppLayer.a(chthreads.o)
                0x0800a084                chThdSleep
 .text.chThdExitS
                0x0800a09c       0x44 AppLayer.a(chthreads.o)
                0x0800a09c                chThdExitS
 .text.chThdExit
                0x0800a0e0        0xc AppLayer.a(chthreads.o)
                0x0800a0e0                chThdExit
 *AppLayer.a:History.o(.text.*)
 .text.KC_U16_InitHistory
                0x0800a0ec       0xc8 AppLayer.a(History.o)
                0x0800a0ec                KC_U16_InitHistory
 .text.KC_U16_SetHistoryEntry
                0x0800a1b4       0xdc AppLayer.a(History.o)
                0x0800a1b4                KC_U16_SetHistoryEntry
 .text.KC_U16_GetHistoryEntry
                0x0800a290       0xa0 AppLayer.a(History.o)
                0x0800a290                KC_U16_GetHistoryEntry
 *AppLayer.a:CanSTM32f2xx.o(.text.*)
 .text.meEnterSetupMode
                0x0800a330       0x4c AppLayer.a(CanSTM32f2xx.o)
 .text.M_E_CanSTM32F2xxFlushTxQueue
                0x0800a37c       0x5c AppLayer.a(CanSTM32f2xx.o)
 .text.M_E_CanSTM32f2xxStartInstance
                0x0800a3d8       0x3c AppLayer.a(CanSTM32f2xx.o)
 .text.M_E_CanSTM32f2xxStopInstance
                0x0800a414        0x4 AppLayer.a(CanSTM32f2xx.o)
 .text.M_E_CanSTM32f2xxDisableInterrupts
                0x0800a418       0x3c AppLayer.a(CanSTM32f2xx.o)
 .text.M_E_CanSTM32f2xxEnableInterrupts
                0x0800a454       0x30 AppLayer.a(CanSTM32f2xx.o)
 .text.M_E_CanSTM32f2xxInitTxChannel
                0x0800a484       0x14 AppLayer.a(CanSTM32f2xx.o)
 .text.M_E_CanSTM32f2xxInitRxChannel
                0x0800a498       0xe8 AppLayer.a(CanSTM32f2xx.o)
 .text.M_E_CanSTM32f2xxGetDriverInstanceStatus
                0x0800a580       0x40 AppLayer.a(CanSTM32f2xx.o)
 .text.M_E_CanSTM32F2xxRegisterTxISR
                0x0800a5c0       0x64 AppLayer.a(CanSTM32f2xx.o)
 .text.M_E_CanSTM32F2xxRegisterRxISR
                0x0800a624       0xc0 AppLayer.a(CanSTM32f2xx.o)
 .text.M_V_CANxRxxISR
                0x0800a6e4      0x170 AppLayer.a(CanSTM32f2xx.o)
 .text.M_V_CAN1Rx1ISR
                0x0800a854       0x14 AppLayer.a(CanSTM32f2xx.o)
 .text.M_V_CAN1Rx0ISR
                0x0800a868       0x14 AppLayer.a(CanSTM32f2xx.o)
 .text.M_V_CAN0Rx1ISR
                0x0800a87c       0x14 AppLayer.a(CanSTM32f2xx.o)
 .text.M_V_CAN0Rx0ISR
                0x0800a890       0x14 AppLayer.a(CanSTM32f2xx.o)
 .text.M_E_CanSTM32f2xxTransmit
                0x0800a8a4       0xf4 AppLayer.a(CanSTM32f2xx.o)
 .text.M_E_CanSTM32f2xxSetBaudRate
                0x0800a998       0xb4 AppLayer.a(CanSTM32f2xx.o)
 .text.M_E_CanSTM32f2xxInitInstance
                0x0800aa4c       0x50 AppLayer.a(CanSTM32f2xx.o)
 .text.M_E_CanSTM32f2xxInit
                0x0800aa9c       0x9c AppLayer.a(CanSTM32f2xx.o)
 .text.Tx1thread
                0x0800ab38       0x30 AppLayer.a(CanSTM32f2xx.o)
 .text.Tx0thread
                0x0800ab68       0x30 AppLayer.a(CanSTM32f2xx.o)
 .text.Rx1thread
                0x0800ab98       0x2c AppLayer.a(CanSTM32f2xx.o)
 .text.Rx0thread
                0x0800abc4       0x2c AppLayer.a(CanSTM32f2xx.o)
 .text.M_V_CANxTxxISR.isra.1
                0x0800abf0       0x84 AppLayer.a(CanSTM32f2xx.o)
 .text.M_V_CAN1Tx0ISR
                0x0800ac74       0x1c AppLayer.a(CanSTM32f2xx.o)
 .text.M_V_CAN0Tx0ISR
                0x0800ac90       0x1c AppLayer.a(CanSTM32f2xx.o)
 *AppLayer.a:RTOS_Chibios.o(.text.*)
 .text.SysTick_Handler
                0x0800acac       0x1c AppLayer.a(RTOS_Chibios.o)
 .text.M_V_OSTask
                0x0800acc8       0xd8 AppLayer.a(RTOS_Chibios.o)
 .text.OS_U16_SET_PRIO
                0x0800ada0        0xc AppLayer.a(RTOS_Chibios.o)
                0x0800ada0                OS_U16_SET_PRIO
 .text.OS_V_RtosBasicInit
                0x0800adac       0x5c AppLayer.a(RTOS_Chibios.o)
                0x0800adac                OS_V_RtosBasicInit
 .text.OS_U16_GetStackLoadPercent
                0x0800ae08       0x34 AppLayer.a(RTOS_Chibios.o)
                0x0800ae08                OS_U16_GetStackLoadPercent
 .text.OS_U16_GetSystemStackLoadPercent
                0x0800ae3c       0x30 AppLayer.a(RTOS_Chibios.o)
                0x0800ae3c                OS_U16_GetSystemStackLoadPercent
 .text.OS_V_CreateTask
                0x0800ae6c       0x58 AppLayer.a(RTOS_Chibios.o)
                0x0800ae6c                OS_V_CreateTask
 .text.OS_U32_RunTask
                0x0800aec4       0x24 AppLayer.a(RTOS_Chibios.o)
                0x0800aec4                OS_U32_RunTask
 .text.OS_V_DelayMS
                0x0800aee8       0x20 AppLayer.a(RTOS_Chibios.o)
                0x0800aee8                OS_V_DelayMS
 .text.OS_V_DelayuS
                0x0800af08       0x24 AppLayer.a(RTOS_Chibios.o)
                0x0800af08                OS_V_DelayuS
 .text.OS_V_DisableTimeout
                0x0800af2c       0x68 AppLayer.a(RTOS_Chibios.o)
                0x0800af2c                OS_V_DisableTimeout
 .text.OS_V_EnableSamplingMS
                0x0800af94       0x70 AppLayer.a(RTOS_Chibios.o)
                0x0800af94                OS_V_EnableSamplingMS
 .text.OS_U16_Sleep
                0x0800b004       0x40 AppLayer.a(RTOS_Chibios.o)
                0x0800b004                OS_U16_Sleep
 .text.OS_U32_GetTimeMs
                0x0800b044       0x18 AppLayer.a(RTOS_Chibios.o)
                0x0800b044                OS_U32_GetTimeMs
 .text._OS_MicroSec
                0x0800b05c        0x4 AppLayer.a(RTOS_Chibios.o)
                0x0800b05c                _OS_MicroSec
 .text.OS_V_InitOS
                0x0800b060       0x50 AppLayer.a(RTOS_Chibios.o)
                0x0800b060                OS_V_InitOS
 .text.OS_V_UpdateTimers
                0x0800b0b0      0x124 AppLayer.a(RTOS_Chibios.o)
                0x0800b0b0                OS_V_UpdateTimers
 .text.OS_B_SemaphoreWait
                0x0800b1d4       0x18 AppLayer.a(RTOS_Chibios.o)
                0x0800b1d4                OS_B_SemaphoreWait
 .text.OS_V_SemaphoreSignal
                0x0800b1ec       0x2c AppLayer.a(RTOS_Chibios.o)
                0x0800b1ec                OS_V_SemaphoreSignal
 .text.OS_V_Exit
                0x0800b218        0x8 AppLayer.a(RTOS_Chibios.o)
                0x0800b218                OS_V_Exit
 .text.OS_V_MutexLock
                0x0800b220        0x4 AppLayer.a(RTOS_Chibios.o)
                0x0800b220                OS_V_MutexLock
 .text.OS_B_MutexTryLock
                0x0800b224        0x4 AppLayer.a(RTOS_Chibios.o)
                0x0800b224                OS_B_MutexTryLock
 .text.OS_V_MutexUnlock
                0x0800b228        0x4 AppLayer.a(RTOS_Chibios.o)
                0x0800b228                OS_V_MutexUnlock
 .text.OS_V_SysLockFromIsr
                0x0800b22c        0x8 AppLayer.a(RTOS_Chibios.o)
                0x0800b22c                OS_V_SysLockFromIsr
 .text.OS_V_SysUnlockFromIsr
                0x0800b234        0x8 AppLayer.a(RTOS_Chibios.o)
                0x0800b234                OS_V_SysUnlockFromIsr
 .text.OS_V_EventSignalI
                0x0800b23c        0xc AppLayer.a(RTOS_Chibios.o)
                0x0800b23c                OS_V_EventSignalI
 .text.OS_V_EventSignal
                0x0800b248        0xc AppLayer.a(RTOS_Chibios.o)
                0x0800b248                OS_V_EventSignal
 .text.OS_P_CreateThreadStatic
                0x0800b254        0x4 AppLayer.a(RTOS_Chibios.o)
                0x0800b254                OS_P_CreateThreadStatic
 .text.OS_V_EventRegisterMask
                0x0800b258       0x14 AppLayer.a(RTOS_Chibios.o)
                0x0800b258                OS_V_EventRegisterMask
 .text.OS_U32_EventWaitOne
                0x0800b26c        0xc AppLayer.a(RTOS_Chibios.o)
                0x0800b26c                OS_U32_EventWaitOne
 .text.OS_V_EventInit
                0x0800b278        0x4 AppLayer.a(RTOS_Chibios.o)
                0x0800b278                OS_V_EventInit
 *AppLayer.a:CAN.o(.text.*)
 .text.AC_U32_CANInterfaceGetBaudrate
                0x0800b27c       0x18 AppLayer.a(CAN.o)
                0x0800b27c                AC_U32_CANInterfaceGetBaudrate
 .text.AC_U32_CANInterfaceBaudToBootIndex
                0x0800b294       0x64 AppLayer.a(CAN.o)
                0x0800b294                AC_U32_CANInterfaceBaudToBootIndex
 .text.AC_V_CANPreInit
                0x0800b2f8      0x22c AppLayer.a(CAN.o)
                0x0800b2f8                AC_V_CANPreInit
 .text.AC_V_CANInit
                0x0800b524       0x44 AppLayer.a(CAN.o)
                0x0800b524                AC_V_CANInit
 .text.AC_V_ProcessCan
                0x0800b568      0x160 AppLayer.a(CAN.o)
                0x0800b568                AC_V_ProcessCan
 .text.AC_U16_GetIndexFromPort
                0x0800b6c8       0x2c AppLayer.a(CAN.o)
                0x0800b6c8                AC_U16_GetIndexFromPort
 *AppLayer.a:core_cm3.o(.text.*)
 *AppLayer.a:chmemcore.o(.text.*)
 .text._core_init
                0x0800b6f4       0x28 AppLayer.a(chmemcore.o)
                0x0800b6f4                _core_init
 .text.chCoreAlloc
                0x0800b71c       0x38 AppLayer.a(chmemcore.o)
                0x0800b71c                chCoreAlloc
 *AppLayer.a:chvt.o(.text.*)
 .text._vt_init
                0x0800b754       0x1c AppLayer.a(chvt.o)
                0x0800b754                _vt_init
 .text.chVTDoSetI
                0x0800b770       0x3c AppLayer.a(chvt.o)
                0x0800b770                chVTDoSetI
 .text.chVTDoResetI
                0x0800b7ac       0x28 AppLayer.a(chvt.o)
                0x0800b7ac                chVTDoResetI
 *AppLayer.a:SerialDriver.o(.text.*)
 .text.KC_E_InitSerialDriver
                0x0800b7d4        0xc AppLayer.a(SerialDriver.o)
                0x0800b7d4                KC_E_InitSerialDriver
 .text.KC_E_InitSerialDriverInstance
                0x0800b7e0       0x1c AppLayer.a(SerialDriver.o)
                0x0800b7e0                KC_E_InitSerialDriverInstance
 .text.KC_E_StartSerialDriverInstance
                0x0800b7fc        0xc AppLayer.a(SerialDriver.o)
                0x0800b7fc                KC_E_StartSerialDriverInstance
 .text.KC_E_StopSerialDriverInstance
                0x0800b808        0xc AppLayer.a(SerialDriver.o)
                0x0800b808                KC_E_StopSerialDriverInstance
 .text.KC_E_FlushQueueSerialDriver
                0x0800b814       0x10 AppLayer.a(SerialDriver.o)
                0x0800b814                KC_E_FlushQueueSerialDriver
 .text.KC_E_SetBaudRate
                0x0800b824       0x10 AppLayer.a(SerialDriver.o)
                0x0800b824                KC_E_SetBaudRate
 .text.KC_E_InitTxChannel
                0x0800b834        0xc AppLayer.a(SerialDriver.o)
                0x0800b834                KC_E_InitTxChannel
 .text.KC_E_InitRxChannel
                0x0800b840        0xc AppLayer.a(SerialDriver.o)
                0x0800b840                KC_E_InitRxChannel
 .text.KC_E_Transmit
                0x0800b84c        0xc AppLayer.a(SerialDriver.o)
                0x0800b84c                KC_E_Transmit
 .text.KC_E_GetDriverInstanceStatus
                0x0800b858        0xc AppLayer.a(SerialDriver.o)
                0x0800b858                KC_E_GetDriverInstanceStatus
 .text.KC_E_RegisterRxISR
                0x0800b864       0x1c AppLayer.a(SerialDriver.o)
                0x0800b864                KC_E_RegisterRxISR
 .text.KC_E_RegisterTxISR
                0x0800b880       0x1c AppLayer.a(SerialDriver.o)
                0x0800b880                KC_E_RegisterTxISR
 *AppLayer.a:CalcProgramCrc.o(.text.*)
 .text.AC_V_CalcProgramCrc
                0x0800b89c      0x1d4 AppLayer.a(CalcProgramCrc.o)
                0x0800b89c                AC_V_CalcProgramCrc
 .text.AC_V_InitCalcProgramCrc
                0x0800ba70       0x38 AppLayer.a(CalcProgramCrc.o)
                0x0800ba70                AC_V_InitCalcProgramCrc
                0x0800baa8                . = ALIGN (0x4)

.HexRange       0x0800c000       0x50
                0x0800c000                . = ALIGN (0x4)
                0x0800c000                PROVIDE (_text, .)
 *(.HexRange)
 .HexRange      0x0800c000       0x50 AppLayer.a(datacontainer.o)
                0x0800c000                _HexRange
                0x0800c050                . = ALIGN (0x4)

.Itcm_Ram       0x0800c050      0xdb0
                0x0800c050                PROVIDE (_itcm_start, .)
                0x0800c050                PROVIDE (_itcm_end, .)
                0x0800c050                . = ALIGN (0x4)
 *(.ITCM_RAM)
 .ITCM_RAM      0x0800c050       0xf4 AppLayer.a(adcComplex.o)
 .ITCM_RAM      0x0800c144      0x944 AppLayer.a(Icu_Irq.o)
                0x0800c144                K_V_Timer10_ISR
                0x0800c5e0                K_V_Timer3_ISR
 .ITCM_RAM      0x0800ca88       0x48 AppLayer.a(LTDC.o)
 .ITCM_RAM      0x0800cad0      0x330 AppLayer.a(adc_Irq.o)
                0x0800cad0                K_V_Adc1ReadyIsr
                0x0800cbcc                K_V_Adc2ReadyIsr
                0x0800ccf0                K_V_Adc3ReadyIsr
                0x0800ce00                . = ALIGN (0x4)
 *(.ITCM_RAM*)
                0x0800c050                _itcm_data_start = LOADADDR (.Itcm_Ram)

.ctors          0x0800ce00        0x0
                [!provide]                PROVIDE (_ctors_start_, .)
 *(SORT(.ctors.*))
 *(.ctors)
                [!provide]                PROVIDE (_ctors_end_, .)
                0x0800ce00                . = ALIGN (0x4)

.dtors          0x0800ce00        0x0
                [!provide]                PROVIDE (_dtors_start_, .)
 *(SORT(.dtors.*))
 *(.dtors)
                [!provide]                PROVIDE (_dtors_end_, .)
                0x0800ce00                . = ALIGN (0x4)

.ARM.extab
 *(.ARM.extab* .gnu.linkonce.armextab.*)
                0x0800ce00                __exidx_start = .

.ARM.exidx      0x0800ce00        0x8
 *(.ARM.exidx* .gnu.linkonce.armexidx.*)
 .ARM.exidx     0x0800ce00        0x8 C:\ProgramData\Danfoss\PLUS1\2023.1\Data\ExtCompiler\ARM\v5.4-2016q3\lib\gcc\arm-none-eabi\5.4.1\armv7e-m\fpu\libgcc.a(_udivmoddi4.o)
                0x0800ce08                __exidx_end = .

.AppLayertext   0x0800ce40    0x16fa0
                0x0800ce40                _text = .
 *AppLayer.a:(.text .gnu.linkonce.t.*)
 .text          0x0800ce40       0x30 AppLayer.a(chcoreasm_v7m.o)
                0x0800ce40                _port_switch
                0x0800ce58                _port_thread_start
                0x0800ce68                _port_switch_from_isr
                0x0800ce6c                _port_exit_from_isr
 *AppLayer.a:(.text.*)
 .text.M_V_KernelTask
                0x0800ce70       0x8c AppLayer.a(main.o)
 .text.startup.main
                0x0800cefc       0x74 AppLayer.a(main.o)
                0x0800cefc                main
 .text.K_V_ResetWatchdog
                0x0800cf70       0x10 AppLayer.a(wdog.o)
                0x0800cf70                K_V_ResetWatchdog
 .text.K_B_InitWdog
                0x0800cf80       0x40 AppLayer.a(wdog.o)
                0x0800cf80                K_B_InitWdog
 .text.K_V_RegisterLimpModeCallbackFunction
                0x0800cfc0        0xc AppLayer.a(wdog.o)
                0x0800cfc0                K_V_RegisterLimpModeCallbackFunction
 .text.K_V_WDogLimpMode
                0x0800cfcc       0x1c AppLayer.a(wdog.o)
                0x0800cfcc                K_V_WDogLimpMode
 .text.K_V_InitMcu
                0x0800cfe8       0x38 AppLayer.a(mcu_init.o)
                0x0800cfe8                K_V_InitMcu
 .text.K_V_InitFPU
                0x0800d020       0x48 AppLayer.a(mcu_init.o)
                0x0800d020                K_V_InitFPU
 .text.K_U32_GetPCLK1
                0x0800d068       0x40 AppLayer.a(mcu_init.o)
                0x0800d068                K_U32_GetPCLK1
 .text.K_U32_GetPCLK2
                0x0800d0a8       0x44 AppLayer.a(mcu_init.o)
                0x0800d0a8                K_U32_GetPCLK2
 .text.K_U32_GetSYS_CLK
                0x0800d0ec       0x28 AppLayer.a(mcu_init.o)
                0x0800d0ec                K_U32_GetSYS_CLK
 .text.K_V_MPU_Add_Region
                0x0800d114       0x48 AppLayer.a(mcu_init.o)
                0x0800d114                K_V_MPU_Add_Region
 .text.K_V_MPU_Enable
                0x0800d15c       0x1c AppLayer.a(mcu_init.o)
                0x0800d15c                K_V_MPU_Enable
 .text.KC_V_CpyMem
                0x0800d178        0x4 AppLayer.a(Memory.o)
                0x0800d178                KC_V_CpyMem
 .text.KC_B_CmpMem
                0x0800d17c       0x10 AppLayer.a(Memory.o)
                0x0800d17c                KC_B_CmpMem
 .text.KC_V_SetMem
                0x0800d18c        0x4 AppLayer.a(Memory.o)
                0x0800d18c                KC_V_SetMem
 .text.M_B_KWP2kApp_InsideRangeList
                0x0800d190       0x4c AppLayer.a(KWP2kApp.o)
 .text.M_KWP2k_STORAGE_USER_EEPROM_Progress
                0x0800d1dc        0x4 AppLayer.a(KWP2kApp.o)
 .text.M_KWP2k_STORAGE_PARTNR_Progress
                0x0800d1e0       0x10 AppLayer.a(KWP2kApp.o)
 .text.M_KWP2k_STORAGE_NVMEM_Progress
                0x0800d1f0        0x4 AppLayer.a(KWP2kApp.o)
 .text.KC_V_KWP2kAppInit
                0x0800d1f4      0x120 AppLayer.a(KWP2kApp.o)
                0x0800d1f4                KC_V_KWP2kAppInit
 .text.KC_V_KWP2kApp_SetStorageArea
                0x0800d314       0x30 AppLayer.a(KWP2kApp.o)
                0x0800d314                KC_V_KWP2kApp_SetStorageArea
 .text.KC_B_KWP2kApp_TimeOutMs
                0x0800d344       0x3c AppLayer.a(KWP2kApp.o)
                0x0800d344                KC_B_KWP2kApp_TimeOutMs
 .text.M_V_KWP2kProcessResponsePending
                0x0800d380       0x50 AppLayer.a(KWP2kApp.o)
 .text.KC_V_KWP2kApp_Process
                0x0800d3d0      0xe78 AppLayer.a(KWP2kApp.o)
                0x0800d3d0                KC_V_KWP2kApp_Process
 .text.KC_V_InitInfoBlock11
                0x0800e248       0x50 AppLayer.a(InfoBlocks.o)
                0x0800e248                KC_V_InitInfoBlock11
 .text.KC_V_LoadAppInfo
                0x0800e298       0x58 AppLayer.a(InfoBlocks.o)
                0x0800e298                KC_V_LoadAppInfo
 .text.KC_V_LoadHWInfo
                0x0800e2f0       0x48 AppLayer.a(InfoBlocks.o)
                0x0800e2f0                KC_V_LoadHWInfo
 .text.KC_V_LoadProductionInfo
                0x0800e338       0x30 AppLayer.a(InfoBlocks.o)
                0x0800e338                KC_V_LoadProductionInfo
 .text.KC_V_UpdateNodeId
                0x0800e368        0xc AppLayer.a(InfoBlocks.o)
                0x0800e368                KC_V_UpdateNodeId
 .text.KC_V_InitAndAddInfoBlock6
                0x0800e374       0x44 AppLayer.a(InfoBlocks.o)
                0x0800e374                KC_V_InitAndAddInfoBlock6
 .text.KC_V_InitAndAddInfoBlock10
                0x0800e3b8       0x34 AppLayer.a(InfoBlocks.o)
                0x0800e3b8                KC_V_InitAndAddInfoBlock10
 .text.KC_V_UpdateAllInfoBlockChecksums
                0x0800e3ec       0x84 AppLayer.a(InfoBlocks.o)
                0x0800e3ec                KC_V_UpdateAllInfoBlockChecksums
 .text.KC_V_GetAppInfo
                0x0800e470       0x8c AppLayer.a(InfoBlocks.o)
                0x0800e470                KC_V_GetAppInfo
 .text.K_V_ResetWindowWatchdog
                0x0800e4fc       0x30 AppLayer.a(wwdog.o)
                0x0800e4fc                K_V_ResetWindowWatchdog
 .text.K_V_InitWindowWdog
                0x0800e52c       0x44 AppLayer.a(wwdog.o)
                0x0800e52c                K_V_InitWindowWdog
 .text.chSemWait
                0x0800e570       0x44 AppLayer.a(chsem.o)
                0x0800e570                chSemWait
 .text.chSemWaitTimeout
                0x0800e5b4       0x4c AppLayer.a(chsem.o)
                0x0800e5b4                chSemWaitTimeout
 .text.chSemWaitTimeoutS
                0x0800e600       0x40 AppLayer.a(chsem.o)
                0x0800e600                chSemWaitTimeoutS
 .text.chSemSignalI
                0x0800e640       0x28 AppLayer.a(chsem.o)
                0x0800e640                chSemSignalI
 .text.chEvtRegisterMaskWithFlags
                0x0800e668       0x28 AppLayer.a(chevents.o)
                0x0800e668                chEvtRegisterMaskWithFlags
 .text.chEvtSignalI
                0x0800e690       0x30 AppLayer.a(chevents.o)
                0x0800e690                chEvtSignalI
 .text.chEvtSignal
                0x0800e6c0       0x18 AppLayer.a(chevents.o)
                0x0800e6c0                chEvtSignal
 .text.chEvtWaitOne
                0x0800e6d8       0x3c AppLayer.a(chevents.o)
                0x0800e6d8                chEvtWaitOne
 .text.chTMStartMeasurementX
                0x0800e714        0xc AppLayer.a(chtm.o)
                0x0800e714                chTMStartMeasurementX
 .text.chTMStopMeasurementX
                0x0800e720       0x44 AppLayer.a(chtm.o)
                0x0800e720                chTMStopMeasurementX
 .text._tm_init
                0x0800e764       0x38 AppLayer.a(chtm.o)
                0x0800e764                _tm_init
 .text.GetGlyphMetrics
                0x0800e79c       0x40 AppLayer.a(ugraph_graphic_port.o)
 .text.DrawColorRLE
                0x0800e7dc       0x34 AppLayer.a(ugraph_graphic_port.o)
 .text.DrawRotatedRLE
                0x0800e810      0x228 AppLayer.a(ugraph_graphic_port.o)
 .text.GraphPortRender
                0x0800ea38      0xc3c AppLayer.a(ugraph_graphic_port.o)
                0x0800ea38                GraphPortRender
 .text.GraphPortOut
                0x0800f674      0x130 AppLayer.a(ugraph_graphic_port.o)
                0x0800f674                GraphPortOut
 .text.GraphPortInit
                0x0800f7a4      0x110 AppLayer.a(ugraph_graphic_port.o)
                0x0800f7a4                GraphPortInit
 .text.MemorySet
                0x0800f8b4       0x20 AppLayer.a(ugraph_graphic_port.iram.o)
 .text.MemorySetRGBA
                0x0800f8d4       0x20 AppLayer.a(ugraph_graphic_port.iram.o)
 .text.MemoryCopy
                0x0800f8f4       0x40 AppLayer.a(ugraph_graphic_port.iram.o)
 .text.MemoryCopyRGBA
                0x0800f934       0x3c AppLayer.a(ugraph_graphic_port.iram.o)
 .text.DrawRGBRLE
                0x0800f970      0x2f0 AppLayer.a(ugraph_graphic_port.iram.o)
                0x0800f970                DrawRGBRLE
 .text.DrawRGBARLE
                0x0800fc60      0x3bc AppLayer.a(ugraph_graphic_port.iram.o)
                0x0800fc60                DrawRGBARLE
 .text.DrawMonochromeRLE
                0x0801001c      0x1bc AppLayer.a(ugraph_graphic_port.iram.o)
                0x0801001c                DrawMonochromeRLE
 .text._IF_ASSIGN
                0x080101d8       0xa8 AppLayer.a(ugraph_uport.o)
                0x080101d8                _IF_ASSIGN
 .text._FIND_IODATA
                0x08010280       0xa0 AppLayer.a(ugraph_uport.o)
                0x08010280                _FIND_IODATA
 .text.request_video_bitmap
                0x08010320       0x1c AppLayer.a(dp2xxgfxdrv.o)
                0x08010320                request_video_bitmap
 .text.dp2xxgfxdrv_init
                0x0801033c       0x58 AppLayer.a(dp2xxgfxdrv.o)
                0x0801033c                dp2xxgfxdrv_init
 .text._read    0x08010394       0x10 AppLayer.a(mysyscalls.o)
                0x08010394                _read
 .text._lseek   0x080103a4       0x10 AppLayer.a(mysyscalls.o)
                0x080103a4                _lseek
 .text._write   0x080103b4       0x18 AppLayer.a(mysyscalls.o)
                0x080103b4                _write
 .text._close   0x080103cc       0x10 AppLayer.a(mysyscalls.o)
                0x080103cc                _close
 .text._exit    0x080103dc        0x4 AppLayer.a(mysyscalls.o)
                0x080103dc                _exit
 .text._kill    0x080103e0       0x10 AppLayer.a(mysyscalls.o)
                0x080103e0                _kill
 .text._getpid  0x080103f0       0x10 AppLayer.a(mysyscalls.o)
                0x080103f0                _getpid
 .text._sbrk    0x08010400       0x38 AppLayer.a(mysyscalls.o)
                0x08010400                _sbrk
 .text._fstat   0x08010438       0x10 AppLayer.a(mysyscalls.o)
                0x08010438                _fstat
 .text._isatty  0x08010448       0x10 AppLayer.a(mysyscalls.o)
                0x08010448                _isatty
 .text.M_V_Wait_DMA2D_Ready
                0x08010458       0x4c AppLayer.a(DMA2D.o)
 .text.DMA2D_Init
                0x080104a4       0x1c AppLayer.a(DMA2D.o)
                0x080104a4                DMA2D_Init
 .text.AreaFill
                0x080104c0       0xcc AppLayer.a(DMA2D.o)
                0x080104c0                AreaFill
 .text.LineFillDMA2D
                0x0801058c       0x4c AppLayer.a(DMA2D.o)
                0x0801058c                LineFillDMA2D
 .text.LineFillDMA2DRGBA
                0x080105d8       0x3c AppLayer.a(DMA2D.o)
                0x080105d8                LineFillDMA2DRGBA
 .text.ImageMergeRGBA
                0x08010614       0xac AppLayer.a(DMA2D.o)
                0x08010614                ImageMergeRGBA
 .text.GetDataFromPool.part.0
                0x080106c0       0x10 AppLayer.a(ugraph_portmem.o)
 .text.ReturnDataToPool
                0x080106d0       0x58 AppLayer.a(ugraph_portmem.o)
 .text.ScreenAreaAlloc
                0x08010728       0x54 AppLayer.a(ugraph_portmem.o)
                0x08010728                ScreenAreaAlloc
 .text.ScreenAreaDuplicate
                0x0801077c       0x8c AppLayer.a(ugraph_portmem.o)
                0x0801077c                ScreenAreaDuplicate
 .text.ScreenAreaFree
                0x08010808        0x4 AppLayer.a(ugraph_portmem.o)
                0x08010808                ScreenAreaFree
 .text.ScreenAreaContentAlloc
                0x0801080c       0x54 AppLayer.a(ugraph_portmem.o)
                0x0801080c                ScreenAreaContentAlloc
 .text.ScreenAreaContentFree
                0x08010860        0x4 AppLayer.a(ugraph_portmem.o)
                0x08010860                ScreenAreaContentFree
 .text.ScreenAreaContentListFree
                0x08010864       0x3c AppLayer.a(ugraph_portmem.o)
                0x08010864                ScreenAreaContentListFree
 .text.ScreenAreaAllocatorInitialize
                0x080108a0       0x30 AppLayer.a(ugraph_portmem.o)
                0x080108a0                ScreenAreaAllocatorInitialize
 .text.AC_B_UserStorageInProgress
                0x080108d0        0x4 AppLayer.a(EEUSER.o)
                0x080108d0                AC_B_UserStorageInProgress
 .text.AC_U16_InitUserStorage
                0x080108d4       0x30 AppLayer.a(EEUSER.o)
                0x080108d4                AC_U16_InitUserStorage
 .text.AC_U16_KernelInitUserStorage
                0x08010904        0xc AppLayer.a(EEUSER.o)
                0x08010904                AC_U16_KernelInitUserStorage
 .text.AC_U16_UpdateUserStorage
                0x08010910        0xc AppLayer.a(EEUSER.o)
                0x08010910                AC_U16_UpdateUserStorage
 .text.AC_V_UserStorageDirect
                0x0801091c        0x4 AppLayer.a(EEUSER.o)
                0x0801091c                AC_V_UserStorageDirect
 .text.AC_V_UserNVAPI_In
                0x08010920        0x4 AppLayer.a(EEUSER.o)
                0x08010920                AC_V_UserNVAPI_In
 .text.AC_B_UserNVAPI_DiagWritePending
                0x08010924        0x4 AppLayer.a(EEUSER.o)
                0x08010924                AC_B_UserNVAPI_DiagWritePending
 .text.AC_B_UserNVAPI_InitWritePending
                0x08010928        0x4 AppLayer.a(EEUSER.o)
                0x08010928                AC_B_UserNVAPI_InitWritePending
 .text.AC_V_UserNVAPI_Out
                0x0801092c       0x18 AppLayer.a(EEUSER.o)
                0x0801092c                AC_V_UserNVAPI_Out
 .text.AC_B_UserSampleNVDiagWritePending
                0x08010944        0xc AppLayer.a(EEUSER.o)
                0x08010944                AC_B_UserSampleNVDiagWritePending
 .text.AC_V_UserNVAPI_DiagWrite
                0x08010950        0x4 AppLayer.a(EEUSER.o)
                0x08010950                AC_V_UserNVAPI_DiagWrite
 .text.AC_E_DioReadChannel
                0x08010954       0x28 AppLayer.a(Dio_NoMM.o)
                0x08010954                AC_E_DioReadChannel
 .text.AC_V_DioWriteChannel
                0x0801097c       0x38 AppLayer.a(Dio_NoMM.o)
                0x0801097c                AC_V_DioWriteChannel
 .text.AC_V_DioReadAllPorts
                0x080109b4        0x4 AppLayer.a(Dio_NoMM.o)
                0x080109b4                AC_V_DioReadAllPorts
 .text.AC_V_DioWriteAllPorts
                0x080109b8        0x4 AppLayer.a(Dio_NoMM.o)
                0x080109b8                AC_V_DioWriteAllPorts
 .text.AC_E_SERIALDioReadChannel
                0x080109bc        0x4 AppLayer.a(Serial_Do.o)
                0x080109bc                AC_E_SERIALDioReadChannel
 .text.AC_V_SERIALDioWriteChannel
                0x080109c0       0x58 AppLayer.a(Serial_Do.o)
                0x080109c0                AC_V_SERIALDioWriteChannel
 .text.AC_V_SERIALDioReadAllPorts
                0x08010a18        0x4 AppLayer.a(Serial_Do.o)
                0x08010a18                AC_V_SERIALDioReadAllPorts
 .text.AC_V_SERIALDioWriteAllPorts
                0x08010a1c       0x60 AppLayer.a(Serial_Do.o)
                0x08010a1c                AC_V_SERIALDioWriteAllPorts
 .text.M_V_SetPendingBit
                0x08010a7c       0x44 AppLayer.a(NVAPI.o)
 .text.KC_B_NVAPI_IsPending
                0x08010ac0       0x28 AppLayer.a(NVAPI.o)
                0x08010ac0                KC_B_NVAPI_IsPending
 .text.KC_U16_NVAPI_InitResultDetailed
                0x08010ae8        0xc AppLayer.a(NVAPI.o)
                0x08010ae8                KC_U16_NVAPI_InitResultDetailed
 .text.KC_U16_NVAPI_InitResult
                0x08010af4       0x28 AppLayer.a(NVAPI.o)
                0x08010af4                KC_U16_NVAPI_InitResult
 .text.KC_V_NVAPI_Init
                0x08010b1c      0x25c AppLayer.a(NVAPI.o)
                0x08010b1c                KC_V_NVAPI_Init
 .text.KC_B_NVAPI_InitWritePending
                0x08010d78       0x28 AppLayer.a(NVAPI.o)
                0x08010d78                KC_B_NVAPI_InitWritePending
 .text.KC_V_NVAPI_Out
                0x08010da0       0x78 AppLayer.a(NVAPI.o)
                0x08010da0                KC_V_NVAPI_Out
 .text.KC_V_NVAPI_In
                0x08010e18       0x60 AppLayer.a(NVAPI.o)
                0x08010e18                KC_V_NVAPI_In
 .text.KC_V_NVAPI_Store
                0x08010e78      0x2ac AppLayer.a(NVAPI.o)
                0x08010e78                KC_V_NVAPI_Store
 .text.KC_V_NVAPI_DiagWrite
                0x08011124       0x98 AppLayer.a(NVAPI.o)
                0x08011124                KC_V_NVAPI_DiagWrite
 .text.KC_B_NVAPI_DiagWritePending
                0x080111bc       0xac AppLayer.a(NVAPI.o)
                0x080111bc                KC_B_NVAPI_DiagWritePending
 .text.ECU_V_InitExtMemBus
                0x08011268       0x28 AppLayer.a(DM430E_config.o)
                0x08011268                ECU_V_InitExtMemBus
 .text.ECU_V_InitSPI
                0x08011290        0xc AppLayer.a(DM430E_config.o)
                0x08011290                ECU_V_InitSPI
 .text.ECU_V_InitMcGPIOPorts
                0x0801129c      0x268 AppLayer.a(DM430E_config.o)
                0x0801129c                ECU_V_InitMcGPIOPorts
 .text.idle     0x08011504       0x1c AppLayer.a(datacontainer.o)
                0x08011504                idle
 .text.ECU_V_InitDataContainer
                0x08011520       0x14 AppLayer.a(datacontainer.o)
                0x08011520                ECU_V_InitDataContainer
 .text.M_V_SetExecTime
                0x08011534       0x30 AppLayer.a(task.o)
 .text.PwrDownThread
                0x08011564       0x58 AppLayer.a(task.o)
 .text.M_V_PostProcessIO
                0x080115bc       0x3c AppLayer.a(task.o)
 .text.M_V_Task1
                0x080115f8      0x374 AppLayer.a(task.o)
 .text.M_V_LimpModeCallback
                0x0801196c       0x10 AppLayer.a(task.o)
 .text.ECU_V_ValidateKWP2kID
                0x0801197c        0x4 AppLayer.a(task.o)
                0x0801197c                ECU_V_ValidateKWP2kID
 .text.ECU_U16_InitApplicationLayer
                0x08011980       0xec AppLayer.a(task.o)
                0x08011980                ECU_U16_InitApplicationLayer
 .text.gReadFlashBackGround
                0x08011a6c       0x40 AppLayer.a(task.o)
                0x08011a6c                gReadFlashBackGround
 .text.ECU_U16_CallUpdateUserStorage
                0x08011aac      0x110 AppLayer.a(task.o)
                0x08011aac                ECU_U16_CallUpdateUserStorage
 .text.ECU_U16_PrepareInitUserStorage
                0x08011bbc       0x6c AppLayer.a(task.o)
                0x08011bbc                ECU_U16_PrepareInitUserStorage
 .text.ECU_B_UserCustomStorageInProgress
                0x08011c28        0x4 AppLayer.a(task.o)
                0x08011c28                ECU_B_UserCustomStorageInProgress
 .text.AC_V_LCD1_PowerDown
                0x08011c2c       0x20 AppLayer.a(task.o)
                0x08011c2c                AC_V_LCD1_PowerDown
 .text.ECU_V_AdcMultiPlexADC1
                0x08011c4c        0x4 AppLayer.a(DriverConfig.o)
                0x08011c4c                ECU_V_AdcMultiPlexADC1
 .text.ECU_V_MPU_Init
                0x08011c50       0x5c AppLayer.a(DriverConfig.o)
                0x08011c50                ECU_V_MPU_Init
 .text.M_V_WriteAppInfoToEEPROM
                0x08011cac       0x88 AppLayer.a(KWP2kService.o)
 .text.AC_V_PreInitKwp2k
                0x08011d34       0x30 AppLayer.a(KWP2kService.o)
                0x08011d34                AC_V_PreInitKwp2k
 .text.AC_V_InitKwp2k
                0x08011d64      0x18c AppLayer.a(KWP2kService.o)
                0x08011d64                AC_V_InitKwp2k
 .text.AC_V_UpdateKwp2kBaudrate
                0x08011ef0       0x14 AppLayer.a(KWP2kService.o)
                0x08011ef0                AC_V_UpdateKwp2kBaudrate
 .text.AC_V_SetUSBNetID
                0x08011f04       0x14 AppLayer.a(KWP2kService.o)
                0x08011f04                AC_V_SetUSBNetID
 .text.AC_V_ProcessKwp2k
                0x08011f18       0x54 AppLayer.a(KWP2kService.o)
                0x08011f18                AC_V_ProcessKwp2k
 .text.AC_B_GetAppInfoEqual
                0x08011f6c        0xc AppLayer.a(KWP2kService.o)
                0x08011f6c                AC_B_GetAppInfoEqual
 .text.AC_V_WriteKwp2kEEPROM
                0x08011f78       0x28 AppLayer.a(KWP2kService.o)
                0x08011f78                AC_V_WriteKwp2kEEPROM
 .text.AC_B_CheckKwp2kAppDisabled
                0x08011fa0        0xc AppLayer.a(KWP2kService.o)
                0x08011fa0                AC_B_CheckKwp2kAppDisabled
 .text._CANSYM_TX_ADD
                0x08011fac       0x24 AppLayer.a(CanSymbol.o)
                0x08011fac                _CANSYM_TX_ADD
 .text._CANSYM_RX_ADD
                0x08011fd0       0x28 AppLayer.a(CanSymbol.o)
                0x08011fd0                _CANSYM_RX_ADD
 .text.AC_V_ProcessCanRxSymbols
                0x08011ff8      0x18c AppLayer.a(CanSymbol.o)
                0x08011ff8                AC_V_ProcessCanRxSymbols
 .text.AC_V_ProcessCanTxSymbols
                0x08012184       0xd4 AppLayer.a(CanSymbol.o)
                0x08012184                AC_V_ProcessCanTxSymbols
 .text.AC_V_ClearCanTxSymbols
                0x08012258       0x2c AppLayer.a(CanSymbol.o)
                0x08012258                AC_V_ClearCanTxSymbols
 .text.AC_V_DA3InInit
                0x08012284       0x18 AppLayer.a(DA3.o)
                0x08012284                AC_V_DA3InInit
 .text.AC_V_DA3InUpdate
                0x0801229c       0x74 AppLayer.a(DA3.o)
                0x0801229c                AC_V_DA3InUpdate
 .text.AC_V_D3ButtonInUpdate
                0x08012310       0x38 AppLayer.a(D3_Button_In.o)
                0x08012310                AC_V_D3ButtonInUpdate
 .text.AC_V_D3ButtonOutUpdate
                0x08012348       0x24 AppLayer.a(D3_Button_In.o)
                0x08012348                AC_V_D3ButtonOutUpdate
 .text.AC_V_D3ButtonInit
                0x0801236c        0xc AppLayer.a(D3_Button_In.o)
                0x0801236c                AC_V_D3ButtonInit
 .text.AC_V_DA1InInit
                0x08012378       0x1c AppLayer.a(DA1.o)
                0x08012378                AC_V_DA1InInit
 .text.AC_V_DA1InUpdate
                0x08012394       0xfc AppLayer.a(DA1.o)
                0x08012394                AC_V_DA1InUpdate
 .text.AC_V_DA1OutUpdate
                0x08012490       0xbc AppLayer.a(DA1.o)
                0x08012490                AC_V_DA1OutUpdate
 .text.AC_V_DAFRC3InInit
                0x0801254c       0x1c AppLayer.a(DAFRC3.o)
                0x0801254c                AC_V_DAFRC3InInit
 .text.AC_V_DAFRC3InUpdate
                0x08012568      0x4a4 AppLayer.a(DAFRC3.o)
                0x08012568                AC_V_DAFRC3InUpdate
 .text.AC_V_DAFRC3OutUpdate
                0x08012a0c      0x240 AppLayer.a(DAFRC3.o)
                0x08012a0c                AC_V_DAFRC3OutUpdate
 .text.M_V_UART4InUpdate
                0x08012c4c       0x6c AppLayer.a(UART4.o)
 .text.M_V_UART4OutUpdate
                0x08012cb8       0x9c AppLayer.a(UART4.o)
 .text.AC_V_InitUART4
                0x08012d54       0x70 AppLayer.a(UART4.o)
                0x08012d54                AC_V_InitUART4
 .text.AC_V_UART4InUpdate
                0x08012dc4       0x78 AppLayer.a(UART4.o)
                0x08012dc4                AC_V_UART4InUpdate
 .text.AC_V_UART4OutUpdate
                0x08012e3c       0x78 AppLayer.a(UART4.o)
                0x08012e3c                AC_V_UART4OutUpdate
 .text.M_E_CanUSB_SetBaudRate
                0x08012eb4        0x4 AppLayer.a(USB_STM32F7xx_CanDriver.o)
 .text.M_E_CanUSB_RegisterTxISR
                0x08012eb8       0x10 AppLayer.a(USB_STM32F7xx_CanDriver.o)
 .text.M_E_CanUSB_RegisterRxISR
                0x08012ec8       0x28 AppLayer.a(USB_STM32F7xx_CanDriver.o)
 .text.M_E_CanUSB_Transmit
                0x08012ef0      0x108 AppLayer.a(USB_STM32F7xx_CanDriver.o)
 .text.M_E_CanUSB_StartInstance
                0x08012ff8       0x18 AppLayer.a(USB_STM32F7xx_CanDriver.o)
 .text.M_E_CanUSB_Init
                0x08013010       0x48 AppLayer.a(USB_STM32F7xx_CanDriver.o)
 .text.USBTx0thread
                0x08013058       0x30 AppLayer.a(USB_STM32F7xx_CanDriver.o)
 .text.USBRx0thread
                0x08013088       0x24 AppLayer.a(USB_STM32F7xx_CanDriver.o)
 .text.usb_can_rx_packet_to_thread
                0x080130ac       0x88 AppLayer.a(USB_STM32F7xx_CanDriver.o)
                0x080130ac                usb_can_rx_packet_to_thread
 .text.KC_E_UsbCanBridgeSocketInit
                0x08013134        0xc AppLayer.a(USBCanBridge.o)
 .text.KC_E_UsbCanBridgeSocketPut
                0x08013140       0x38 AppLayer.a(USBCanBridge.o)
 .text.KC_E_UsbCanBridgeKC_E_SocketGet
                0x08013178       0x3c AppLayer.a(USBCanBridge.o)
 .text.KC_E_UsbCanBridgeSocketWriteToStream
                0x080131b4       0x4c AppLayer.a(USBCanBridge.o)
 .text.AC_V_UsbCanBridgePreInit
                0x08013200       0xa0 AppLayer.a(USBCanBridge.o)
                0x08013200                AC_V_UsbCanBridgePreInit
 .text.AC_V_ProcessRxUSBPort
                0x080132a0       0x6c AppLayer.a(USBCanBridge.o)
                0x080132a0                AC_V_ProcessRxUSBPort
 .text.AC_V_ProcessRxCANPort
                0x0801330c       0x68 AppLayer.a(USBCanBridge.o)
                0x0801330c                AC_V_ProcessRxCANPort
 .text.KC_E_UsbCanBridgeSocketReadFromStream
                0x08013374       0x58 AppLayer.a(USBCanBridge.o)
 .text.AC_U16_SetUsbCanBridge
                0x080133cc       0x68 AppLayer.a(USBCanBridge.o)
                0x080133cc                AC_U16_SetUsbCanBridge
 .text.MX_USB_DEVICE_Init
                0x08013434       0x34 AppLayer.a(usb_device.o)
                0x08013434                MX_USB_DEVICE_Init
 .text.USBD_Init
                0x08013468       0x2c AppLayer.a(usbd_core.o)
                0x08013468                USBD_Init
 .text.USBD_RegisterClass
                0x08013494       0x10 AppLayer.a(usbd_core.o)
                0x08013494                USBD_RegisterClass
 .text.USBD_Start
                0x080134a4        0xc AppLayer.a(usbd_core.o)
                0x080134a4                USBD_Start
 .text.USBD_SetClassConfig
                0x080134b0       0x14 AppLayer.a(usbd_core.o)
                0x080134b0                USBD_SetClassConfig
 .text.USBD_ClrClassConfig
                0x080134c4       0x10 AppLayer.a(usbd_core.o)
                0x080134c4                USBD_ClrClassConfig
 .text.USBD_LL_SetupStage
                0x080134d4       0x60 AppLayer.a(usbd_core.o)
                0x080134d4                USBD_LL_SetupStage
 .text.USBD_LL_DataOutStage
                0x08013534       0x68 AppLayer.a(usbd_core.o)
                0x08013534                USBD_LL_DataOutStage
 .text.USBD_LL_DataInStage
                0x0801359c       0xa0 AppLayer.a(usbd_core.o)
                0x0801359c                USBD_LL_DataInStage
 .text.USBD_LL_Reset
                0x0801363c       0x40 AppLayer.a(usbd_core.o)
                0x0801363c                USBD_LL_Reset
 .text.USBD_LL_SetSpeed
                0x0801367c        0x8 AppLayer.a(usbd_core.o)
                0x0801367c                USBD_LL_SetSpeed
 .text.USBD_LL_Suspend
                0x08013684       0x14 AppLayer.a(usbd_core.o)
                0x08013684                USBD_LL_Suspend
 .text.USBD_LL_Resume
                0x08013698       0x10 AppLayer.a(usbd_core.o)
                0x08013698                USBD_LL_Resume
 .text.USBD_LL_SOF
                0x080136a8       0x1c AppLayer.a(usbd_core.o)
                0x080136a8                USBD_LL_SOF
 .text.USBD_LL_IsoINIncomplete
                0x080136c4        0x4 AppLayer.a(usbd_core.o)
                0x080136c4                USBD_LL_IsoINIncomplete
 .text.USBD_LL_IsoOUTIncomplete
                0x080136c8        0x4 AppLayer.a(usbd_core.o)
                0x080136c8                USBD_LL_IsoOUTIncomplete
 .text.USBD_LL_DevConnected
                0x080136cc        0x4 AppLayer.a(usbd_core.o)
                0x080136cc                USBD_LL_DevConnected
 .text.USBD_LL_DevDisconnected
                0x080136d0       0x18 AppLayer.a(usbd_core.o)
                0x080136d0                USBD_LL_DevDisconnected
 .text.HAL_PCD_MspInit
                0x080136e8       0x3c AppLayer.a(usbd_conf.o)
                0x080136e8                HAL_PCD_MspInit
 .text.HAL_PCD_SetupStageCallback
                0x08013724        0xc AppLayer.a(usbd_conf.o)
                0x08013724                HAL_PCD_SetupStageCallback
 .text.HAL_PCD_DataOutStageCallback
                0x08013730       0x14 AppLayer.a(usbd_conf.o)
                0x08013730                HAL_PCD_DataOutStageCallback
 .text.HAL_PCD_DataInStageCallback
                0x08013744       0x14 AppLayer.a(usbd_conf.o)
                0x08013744                HAL_PCD_DataInStageCallback
 .text.HAL_PCD_SOFCallback
                0x08013758        0x8 AppLayer.a(usbd_conf.o)
                0x08013758                HAL_PCD_SOFCallback
 .text.HAL_PCD_ResetCallback
                0x08013760       0x20 AppLayer.a(usbd_conf.o)
                0x08013760                HAL_PCD_ResetCallback
 .text.HAL_PCD_SuspendCallback
                0x08013780       0x30 AppLayer.a(usbd_conf.o)
                0x08013780                HAL_PCD_SuspendCallback
 .text.HAL_PCD_ResumeCallback
                0x080137b0        0x8 AppLayer.a(usbd_conf.o)
                0x080137b0                HAL_PCD_ResumeCallback
 .text.HAL_PCD_ISOOUTIncompleteCallback
                0x080137b8        0x8 AppLayer.a(usbd_conf.o)
                0x080137b8                HAL_PCD_ISOOUTIncompleteCallback
 .text.HAL_PCD_ISOINIncompleteCallback
                0x080137c0        0x8 AppLayer.a(usbd_conf.o)
                0x080137c0                HAL_PCD_ISOINIncompleteCallback
 .text.HAL_PCD_ConnectCallback
                0x080137c8        0x8 AppLayer.a(usbd_conf.o)
                0x080137c8                HAL_PCD_ConnectCallback
 .text.HAL_PCD_DisconnectCallback
                0x080137d0        0x8 AppLayer.a(usbd_conf.o)
                0x080137d0                HAL_PCD_DisconnectCallback
 .text.USBD_LL_Init
                0x080137d8       0x70 AppLayer.a(usbd_conf.o)
                0x080137d8                USBD_LL_Init
 .text.USBD_LL_Start
                0x08013848       0x1c AppLayer.a(usbd_conf.o)
                0x08013848                USBD_LL_Start
 .text.USBD_LL_OpenEP
                0x08013864       0x24 AppLayer.a(usbd_conf.o)
                0x08013864                USBD_LL_OpenEP
 .text.USBD_LL_CloseEP
                0x08013888       0x1c AppLayer.a(usbd_conf.o)
                0x08013888                USBD_LL_CloseEP
 .text.USBD_LL_StallEP
                0x080138a4       0x1c AppLayer.a(usbd_conf.o)
                0x080138a4                USBD_LL_StallEP
 .text.USBD_LL_ClearStallEP
                0x080138c0       0x1c AppLayer.a(usbd_conf.o)
                0x080138c0                USBD_LL_ClearStallEP
 .text.USBD_LL_IsStallEP
                0x080138dc       0x28 AppLayer.a(usbd_conf.o)
                0x080138dc                USBD_LL_IsStallEP
 .text.USBD_LL_SetUSBAddress
                0x08013904       0x1c AppLayer.a(usbd_conf.o)
                0x08013904                USBD_LL_SetUSBAddress
 .text.USBD_LL_Transmit
                0x08013920       0x1c AppLayer.a(usbd_conf.o)
                0x08013920                USBD_LL_Transmit
 .text.USBD_LL_PrepareReceive
                0x0801393c       0x1c AppLayer.a(usbd_conf.o)
                0x0801393c                USBD_LL_PrepareReceive
 .text.USBD_LL_GetRxDataSize
                0x08013958        0xc AppLayer.a(usbd_conf.o)
                0x08013958                USBD_LL_GetRxDataSize
 .text.USBD_CtlSendData
                0x08013964       0x1c AppLayer.a(usbd_ioreq.o)
                0x08013964                USBD_CtlSendData
 .text.USBD_CtlContinueSendData
                0x08013980       0x10 AppLayer.a(usbd_ioreq.o)
                0x08013980                USBD_CtlContinueSendData
 .text.USBD_CtlPrepareRx
                0x08013990       0x20 AppLayer.a(usbd_ioreq.o)
                0x08013990                USBD_CtlPrepareRx
 .text.USBD_CtlContinueRx
                0x080139b0       0x10 AppLayer.a(usbd_ioreq.o)
                0x080139b0                USBD_CtlContinueRx
 .text.USBD_CtlSendStatus
                0x080139c0       0x18 AppLayer.a(usbd_ioreq.o)
                0x080139c0                USBD_CtlSendStatus
 .text.USBD_CtlReceiveStatus
                0x080139d8       0x18 AppLayer.a(usbd_ioreq.o)
                0x080139d8                USBD_CtlReceiveStatus
 .text.USBD_StdDevReq
                0x080139f0      0x2a8 AppLayer.a(usbd_ctlreq.o)
                0x080139f0                USBD_StdDevReq
 .text.USBD_StdItfReq
                0x08013c98       0x3c AppLayer.a(usbd_ctlreq.o)
                0x08013c98                USBD_StdItfReq
 .text.USBD_StdEPReq
                0x08013cd4       0xd0 AppLayer.a(usbd_ctlreq.o)
                0x08013cd4                USBD_StdEPReq
 .text.USBD_ParseSetupRequest
                0x08013da4       0x28 AppLayer.a(usbd_ctlreq.o)
                0x08013da4                USBD_ParseSetupRequest
 .text.USBD_GetString
                0x08013dcc       0x4c AppLayer.a(usbd_ctlreq.o)
                0x08013dcc                USBD_GetString
 .text.HAL_PCD_Init
                0x08013e18       0xe8 AppLayer.a(stm32f7xx_hal_pcd.o)
                0x08013e18                HAL_PCD_Init
 .text.HAL_PCD_Start
                0x08013f00       0x2c AppLayer.a(stm32f7xx_hal_pcd.o)
                0x08013f00                HAL_PCD_Start
 .text.HAL_PCD_IRQHandler
                0x08013f2c      0x568 AppLayer.a(stm32f7xx_hal_pcd.o)
                0x08013f2c                HAL_PCD_IRQHandler
 .text.HAL_PCD_SetAddress
                0x08014494       0x24 AppLayer.a(stm32f7xx_hal_pcd.o)
                0x08014494                HAL_PCD_SetAddress
 .text.HAL_PCD_EP_Open
                0x080144b8       0x88 AppLayer.a(stm32f7xx_hal_pcd.o)
                0x080144b8                HAL_PCD_EP_Open
 .text.HAL_PCD_EP_Close
                0x08014540       0x50 AppLayer.a(stm32f7xx_hal_pcd.o)
                0x08014540                HAL_PCD_EP_Close
 .text.HAL_PCD_EP_Receive
                0x08014590       0x4c AppLayer.a(stm32f7xx_hal_pcd.o)
                0x08014590                HAL_PCD_EP_Receive
 .text.HAL_PCD_EP_GetRxCount
                0x080145dc       0x14 AppLayer.a(stm32f7xx_hal_pcd.o)
                0x080145dc                HAL_PCD_EP_GetRxCount
 .text.HAL_PCD_EP_Transmit
                0x080145f0       0x48 AppLayer.a(stm32f7xx_hal_pcd.o)
                0x080145f0                HAL_PCD_EP_Transmit
 .text.HAL_PCD_EP_SetStall
                0x08014638       0x64 AppLayer.a(stm32f7xx_hal_pcd.o)
                0x08014638                HAL_PCD_EP_SetStall
 .text.HAL_PCD_EP_ClrStall
                0x0801469c       0x54 AppLayer.a(stm32f7xx_hal_pcd.o)
                0x0801469c                HAL_PCD_EP_ClrStall
 .text.HAL_PCDEx_SetTxFiFo
                0x080146f0       0x4c AppLayer.a(stm32f7xx_hal_pcd_ex.o)
                0x080146f0                HAL_PCDEx_SetTxFiFo
 .text.HAL_PCDEx_SetRxFiFo
                0x0801473c        0x8 AppLayer.a(stm32f7xx_hal_pcd_ex.o)
                0x0801473c                HAL_PCDEx_SetRxFiFo
 .text.HAL_PCDEx_ActivateLPM
                0x08014744       0x2c AppLayer.a(stm32f7xx_hal_pcd_ex.o)
                0x08014744                HAL_PCDEx_ActivateLPM
 .text.HAL_PCDEx_LPM_Callback
                0x08014770        0x4 AppLayer.a(stm32f7xx_hal_pcd_ex.o)
                0x08014770                HAL_PCDEx_LPM_Callback
 .text.USB_CoreReset
                0x08014774       0x34 AppLayer.a(stm32f7xx_ll_usb.o)
 .text.USB_WritePacket.part.5
                0x080147a8       0x28 AppLayer.a(stm32f7xx_ll_usb.o)
 .text.USB_CoreInit
                0x080147d0       0x7c AppLayer.a(stm32f7xx_ll_usb.o)
                0x080147d0                USB_CoreInit
 .text.USB_EnableGlobalInt
                0x0801484c       0x10 AppLayer.a(stm32f7xx_ll_usb.o)
                0x0801484c                USB_EnableGlobalInt
 .text.USB_DisableGlobalInt
                0x0801485c       0x10 AppLayer.a(stm32f7xx_ll_usb.o)
                0x0801485c                USB_DisableGlobalInt
 .text.USB_SetCurrentMode
                0x0801486c       0x34 AppLayer.a(stm32f7xx_ll_usb.o)
                0x0801486c                USB_SetCurrentMode
 .text.USB_DevInit
                0x080148a0      0x194 AppLayer.a(stm32f7xx_ll_usb.o)
                0x080148a0                USB_DevInit
 .text.USB_FlushTxFifo
                0x08014a34       0x24 AppLayer.a(stm32f7xx_ll_usb.o)
                0x08014a34                USB_FlushTxFifo
 .text.USB_GetDevSpeed
                0x08014a58       0x38 AppLayer.a(stm32f7xx_ll_usb.o)
                0x08014a58                USB_GetDevSpeed
 .text.USB_ActivateEndpoint
                0x08014a90       0x8c AppLayer.a(stm32f7xx_ll_usb.o)
                0x08014a90                USB_ActivateEndpoint
 .text.USB_DeactivateEndpoint
                0x08014b1c       0x84 AppLayer.a(stm32f7xx_ll_usb.o)
                0x08014b1c                USB_DeactivateEndpoint
 .text.USB_EPStartXfer
                0x08014ba0      0x288 AppLayer.a(stm32f7xx_ll_usb.o)
                0x08014ba0                USB_EPStartXfer
 .text.USB_EP0StartXfer
                0x08014e28      0x188 AppLayer.a(stm32f7xx_ll_usb.o)
                0x08014e28                USB_EP0StartXfer
 .text.USB_WritePacket
                0x08014fb0       0x10 AppLayer.a(stm32f7xx_ll_usb.o)
                0x08014fb0                USB_WritePacket
 .text.USB_ReadPacket
                0x08014fc0       0x2c AppLayer.a(stm32f7xx_ll_usb.o)
                0x08014fc0                USB_ReadPacket
 .text.USB_EPSetStall
                0x08014fec       0x40 AppLayer.a(stm32f7xx_ll_usb.o)
                0x08014fec                USB_EPSetStall
 .text.USB_EPClearStall
                0x0801502c       0x3c AppLayer.a(stm32f7xx_ll_usb.o)
                0x0801502c                USB_EPClearStall
 .text.USB_SetDevAddress
                0x08015068       0x24 AppLayer.a(stm32f7xx_ll_usb.o)
                0x08015068                USB_SetDevAddress
 .text.USB_DevConnect
                0x0801508c       0x18 AppLayer.a(stm32f7xx_ll_usb.o)
                0x0801508c                USB_DevConnect
 .text.USB_DevDisconnect
                0x080150a4       0x18 AppLayer.a(stm32f7xx_ll_usb.o)
                0x080150a4                USB_DevDisconnect
 .text.USB_ReadInterrupts
                0x080150bc        0x8 AppLayer.a(stm32f7xx_ll_usb.o)
                0x080150bc                USB_ReadInterrupts
 .text.USB_ReadDevAllOutEpInterrupt
                0x080150c4       0x10 AppLayer.a(stm32f7xx_ll_usb.o)
                0x080150c4                USB_ReadDevAllOutEpInterrupt
 .text.USB_ReadDevAllInEpInterrupt
                0x080150d4       0x10 AppLayer.a(stm32f7xx_ll_usb.o)
                0x080150d4                USB_ReadDevAllInEpInterrupt
 .text.USB_ReadDevOutEPInterrupt
                0x080150e4       0x14 AppLayer.a(stm32f7xx_ll_usb.o)
                0x080150e4                USB_ReadDevOutEPInterrupt
 .text.USB_ReadDevInEPInterrupt
                0x080150f8       0x20 AppLayer.a(stm32f7xx_ll_usb.o)
                0x080150f8                USB_ReadDevInEPInterrupt
 .text.USB_GetMode
                0x08015118        0x8 AppLayer.a(stm32f7xx_ll_usb.o)
                0x08015118                USB_GetMode
 .text.USB_ActivateSetup
                0x08015120       0x38 AppLayer.a(stm32f7xx_ll_usb.o)
                0x08015120                USB_ActivateSetup
 .text.USB_EP0_OutStart
                0x08015158       0x44 AppLayer.a(stm32f7xx_ll_usb.o)
                0x08015158                USB_EP0_OutStart
 .text.OTG_FS_IRQHandler
                0x0801519c        0xc AppLayer.a(stm32f7xx_it.o)
                0x0801519c                OTG_FS_IRQHandler
 .text.install_allegro
                0x080151a8       0x1c AppLayer.a(allegro.o)
                0x080151a8                install_allegro
 .text.set_color_depth
                0x080151c4        0xc AppLayer.a(graphics.o)
                0x080151c4                set_color_depth
 .text.set_gfx_mode
                0x080151d0       0x44 AppLayer.a(graphics.o)
                0x080151d0                set_gfx_mode
 .text.create_bitmap
                0x08015214       0x74 AppLayer.a(graphics.o)
                0x08015214                create_bitmap
 .text.set_clip
                0x08015288       0x84 AppLayer.a(graphics.o)
                0x08015288                set_clip
 .text.fixatan  0x0801530c       0x48 AppLayer.a(math.o)
                0x0801530c                fixatan
 .text.fixatan2
                0x08015354       0x80 AppLayer.a(math.o)
                0x08015354                fixatan2
 .text.KC_S32_MaiersFilterControl
                0x080153d4       0x24 AppLayer.a(CtrMaier.o)
                0x080153d4                KC_S32_MaiersFilterControl
 .text.KC_U32_MaiersFilterControl
                0x080153f8       0x24 AppLayer.a(CtrMaier.o)
                0x080153f8                KC_U32_MaiersFilterControl
 .text.KC_U16_MaiersFilterControl
                0x0801541c       0x24 AppLayer.a(CtrMaier.o)
                0x0801541c                KC_U16_MaiersFilterControl
 .text.M_V_DMA1TxISR
                0x08015440       0x28 AppLayer.a(DMA_SPI.o)
 .text.M_V_DMA1RxISR
                0x08015468       0x20 AppLayer.a(DMA_SPI.o)
 .text.K_V_MCALInitDMA
                0x08015488       0xc0 AppLayer.a(DMA_SPI.o)
                0x08015488                K_V_MCALInitDMA
 .text.K_V_DMA_StartTransmit
                0x08015548       0xa0 AppLayer.a(DMA_SPI.o)
                0x08015548                K_V_DMA_StartTransmit
 .text._APPL_ResetPort
                0x080155e8       0x30 AppLayer.a(applogsymbol.o)
                0x080155e8                _APPL_ResetPort
 .text._APPL_InitPort
                0x08015618       0x34 AppLayer.a(applogsymbol.o)
                0x08015618                _APPL_InitPort
 .text._APPL_OutPort
                0x0801564c       0x6c AppLayer.a(applogsymbol.o)
                0x0801564c                _APPL_OutPort
 .text._APPL_ProcessPort
                0x080156b8      0x290 AppLayer.a(applogsymbol.o)
                0x080156b8                _APPL_ProcessPort
 .text._APPL_ReadPort
                0x08015948       0xec AppLayer.a(applogsymbol.o)
                0x08015948                _APPL_ReadPort
 .text.AppLogFunc
                0x08015a34       0x5c AppLayer.a(Applog_Scheduler.o)
                0x08015a34                AppLogFunc
 .text.SchedulerAppLogLock
                0x08015a90        0xc AppLayer.a(Applog_Scheduler.o)
                0x08015a90                SchedulerAppLogLock
 .text.SchedulerAppLogUnLock
                0x08015a9c        0xc AppLayer.a(Applog_Scheduler.o)
                0x08015a9c                SchedulerAppLogUnLock
 .text.SchedulerAppLogOneNewPendingWriteWithLock
                0x08015aa8       0x10 AppLayer.a(Applog_Scheduler.o)
                0x08015aa8                SchedulerAppLogOneNewPendingWriteWithLock
 .text.SchedulerAppLogOneWriteCompletedWithLock
                0x08015ab8       0x10 AppLayer.a(Applog_Scheduler.o)
                0x08015ab8                SchedulerAppLogOneWriteCompletedWithLock
 .text.SchedulerAppLogOneNewPendingEraseWithLock
                0x08015ac8       0x10 AppLayer.a(Applog_Scheduler.o)
                0x08015ac8                SchedulerAppLogOneNewPendingEraseWithLock
 .text.SchedulerAppLogOneEraseCompletedWithLock
                0x08015ad8       0x10 AppLayer.a(Applog_Scheduler.o)
                0x08015ad8                SchedulerAppLogOneEraseCompletedWithLock
 .text.SchedulerAppLogOneReadCompleted
                0x08015ae8       0x24 AppLayer.a(Applog_Scheduler.o)
                0x08015ae8                SchedulerAppLogOneReadCompleted
 .text.M_pS_TIMSolver
                0x08015b0c      0x118 AppLayer.a(pwm.o)
 .text.M_U16_SetPwmFreq
                0x08015c24      0x1e0 AppLayer.a(pwm.o)
 .text.M_V_PwmSetPhase
                0x08015e04       0x6c AppLayer.a(pwm.o)
 .text.K_V_PwmInit
                0x08015e70      0x200 AppLayer.a(pwm.o)
                0x08015e70                K_V_PwmInit
 .text.K_V_PwmActivate
                0x08016070       0x4c AppLayer.a(pwm.o)
                0x08016070                K_V_PwmActivate
 .text.K_V_PwmDeActivate
                0x080160bc       0x50 AppLayer.a(pwm.o)
                0x080160bc                K_V_PwmDeActivate
 .text.K_V_PwmSetDutyCycle
                0x0801610c       0x54 AppLayer.a(pwm.o)
                0x0801610c                K_V_PwmSetDutyCycle
 .text.K_E_PwmSetFreq
                0x08016160       0x2c AppLayer.a(pwm.o)
                0x08016160                K_E_PwmSetFreq
 .text.K_E_McalDioReadChannel
                0x0801618c       0x38 AppLayer.a(MCAL_Dio.o)
                0x0801618c                K_E_McalDioReadChannel
 .text.K_V_McalDioWriteChannel
                0x080161c4       0x48 AppLayer.a(MCAL_Dio.o)
                0x080161c4                K_V_McalDioWriteChannel
 .text.K_V_AdcComplexPreInit
                0x0801620c       0x60 AppLayer.a(adcComplex.o)
                0x0801620c                K_V_AdcComplexPreInit
 .text.K_V_AdcComplexInit
                0x0801626c       0xb4 AppLayer.a(adcComplex.o)
                0x0801626c                K_V_AdcComplexInit
 .text.K_E_AdcComplexGet
                0x08016320       0x38 AppLayer.a(adcComplex.o)
                0x08016320                K_E_AdcComplexGet
 .text.M_V_UART1RxISR
                0x08016358       0x30 AppLayer.a(UartSTM32F2xx.o)
 .text.M_V_UART1TxISR
                0x08016388       0x20 AppLayer.a(UartSTM32F2xx.o)
 .text.M_V_UART2RxISR
                0x080163a8       0x30 AppLayer.a(UartSTM32F2xx.o)
 .text.M_V_UART2TxISR
                0x080163d8       0x20 AppLayer.a(UartSTM32F2xx.o)
 .text.M_V_UART3RxISR
                0x080163f8       0x2c AppLayer.a(UartSTM32F2xx.o)
 .text.M_V_UART3TxISR
                0x08016424       0x20 AppLayer.a(UartSTM32F2xx.o)
 .text.M_V_UART4RxISR
                0x08016444       0x2c AppLayer.a(UartSTM32F2xx.o)
 .text.M_V_UART4TxISR
                0x08016470       0x20 AppLayer.a(UartSTM32F2xx.o)
 .text.M_V_UART5RxISR
                0x08016490       0x28 AppLayer.a(UartSTM32F2xx.o)
 .text.M_V_UART5TxISR
                0x080164b8       0x20 AppLayer.a(UartSTM32F2xx.o)
 .text.M_V_UART6RxISR
                0x080164d8       0x2c AppLayer.a(UartSTM32F2xx.o)
 .text.M_V_UART6TxISR
                0x08016504       0x20 AppLayer.a(UartSTM32F2xx.o)
 .text.M_V_MCALUartDisable
                0x08016524       0x4c AppLayer.a(UartSTM32F2xx.o)
 .text.M_V_MCALUartEnable
                0x08016570       0x50 AppLayer.a(UartSTM32F2xx.o)
 .text.M_V_UARTSolver
                0x080165c0      0x1b4 AppLayer.a(UartSTM32F2xx.o)
 .text.M_V_MCALInitUART
                0x08016774      0x1e8 AppLayer.a(UartSTM32F2xx.o)
 .text.K_U16_MCALUartConfigStopBits
                0x0801695c       0x38 AppLayer.a(UartSTM32F2xx.o)
                0x0801695c                K_U16_MCALUartConfigStopBits
 .text.K_V_MCALUartSetBaud
                0x08016994       0x2c AppLayer.a(UartSTM32F2xx.o)
                0x08016994                K_V_MCALUartSetBaud
 .text.K_V_MCALInitUART
                0x080169c0       0x78 AppLayer.a(UartSTM32F2xx.o)
                0x080169c0                K_V_MCALInitUART
 .text.K_V_UART_StartTransmit
                0x08016a38       0x4c AppLayer.a(UartSTM32F2xx.o)
                0x08016a38                K_V_UART_StartTransmit
 .text.K_V_UART_GetReceive
                0x08016a84      0x150 AppLayer.a(UartSTM32F2xx.o)
                0x08016a84                K_V_UART_GetReceive
 .text.MU16_SDRAM_SendCommand.constprop.0
                0x08016bd4       0x60 AppLayer.a(ExtMemBus.o)
 .text.K_V_InitExtSDRAM
                0x08016c34       0xf8 AppLayer.a(ExtMemBus.o)
                0x08016c34                K_V_InitExtSDRAM
 .text.K_V_BattAvgCallback
                0x08016d2c       0x5c AppLayer.a(CurrentDriver.o)
                0x08016d2c                K_V_BattAvgCallback
 .text.K_V_GetVLDP
                0x08016d88        0xc AppLayer.a(iDriveInterface.o)
                0x08016d88                K_V_GetVLDP
 .text.K_U8_SPI_TransceiveByte
                0x08016d94       0x58 AppLayer.a(SPI.o)
                0x08016d94                K_U8_SPI_TransceiveByte
 .text.K_pS_SPISolver
                0x08016dec       0x60 AppLayer.a(SPI.o)
                0x08016dec                K_pS_SPISolver
 .text.K_U8_WriteByteSPI
                0x08016e4c       0x1c AppLayer.a(SPI.o)
                0x08016e4c                K_U8_WriteByteSPI
 .text.K_U8_ReadByteSPI
                0x08016e68       0x18 AppLayer.a(SPI.o)
                0x08016e68                K_U8_ReadByteSPI
 .text.K_V_InitSPI
                0x08016e80       0x80 AppLayer.a(SPI.o)
                0x08016e80                K_V_InitSPI
 .text.K_V_SPI_Set_IdleClkPol
                0x08016f00       0x30 AppLayer.a(SPI.o)
                0x08016f00                K_V_SPI_Set_IdleClkPol
 .text.K_U16_TransceiveDataSPI
                0x08016f30       0xe8 AppLayer.a(SPI_Sec.o)
                0x08016f30                K_U16_TransceiveDataSPI
 .text.K_V_SPISerFlash_CSOn
                0x08017018       0x30 AppLayer.a(SerFlashDrv.o)
                0x08017018                K_V_SPISerFlash_CSOn
 .text.K_V_SPISerFlash_CSOff
                0x08017048       0x30 AppLayer.a(SerFlashDrv.o)
                0x08017048                K_V_SPISerFlash_CSOff
 .text.K_U8_SPIReadRequest
                0x08017078       0x6c AppLayer.a(SerFlashDrv.o)
                0x08017078                K_U8_SPIReadRequest
 .text.M_U16_ReadSerFlash
                0x080170e4       0xf4 AppLayer.a(SerFlashDrv.o)
 .text.M_U16_WriteSerFlash
                0x080171d8      0x194 AppLayer.a(SerFlashDrv.o)
 .text.K_V_InitSpiSerFlash
                0x0801736c       0xb0 AppLayer.a(SerFlashDrv.o)
                0x0801736c                K_V_InitSpiSerFlash
 .text.K_U16_CaptureModeSpiSerFlash
                0x0801741c       0x54 AppLayer.a(SerFlashDrv.o)
                0x0801741c                K_U16_CaptureModeSpiSerFlash
 .text.K_U16_WriteSpiSerFlashBlock
                0x08017470       0xb0 AppLayer.a(SerFlashDrv.o)
                0x08017470                K_U16_WriteSpiSerFlashBlock
 .text.K_U16_EraseSectorSpiSerFlash
                0x08017520       0x24 AppLayer.a(SerFlashDrv.o)
                0x08017520                K_U16_EraseSectorSpiSerFlash
 .text.K_U16_ReadSpiSerFlashByte
                0x08017544       0x24 AppLayer.a(SerFlashDrv.o)
                0x08017544                K_U16_ReadSpiSerFlashByte
 .text.gSerFlashStartRead
                0x08017568       0x34 AppLayer.a(SerFlashDrv.o)
                0x08017568                gSerFlashStartRead
 .text.gSerFlashProcessRead
                0x0801759c       0x84 AppLayer.a(SerFlashDrv.o)
                0x0801759c                gSerFlashProcessRead
 .text.KC_V_SetCanID
                0x08017620       0x18 AppLayer.a(CanData.o)
                0x08017620                KC_V_SetCanID
 .text.KC_B_CanID_IsExtended
                0x08017638        0x8 AppLayer.a(CanData.o)
                0x08017638                KC_B_CanID_IsExtended
 .text.KC_B_CanID_IsRTR
                0x08017640        0x8 AppLayer.a(CanData.o)
                0x08017640                KC_B_CanID_IsRTR
 .text.KC_U32_GetCanID
                0x08017648       0x10 AppLayer.a(CanData.o)
                0x08017648                KC_U32_GetCanID
 .text.KC_V_InitStreamWriter
                0x08017658       0x10 AppLayer.a(Streams.o)
                0x08017658                KC_V_InitStreamWriter
 .text.KC_S_WriteToStream
                0x08017668       0x40 AppLayer.a(Streams.o)
                0x08017668                KC_S_WriteToStream
 .text.KC_V_InitStreamReader
                0x080176a8       0x10 AppLayer.a(Streams.o)
                0x080176a8                KC_V_InitStreamReader
 .text.KC_V_RegisterStreamReadCallback
                0x080176b8        0x8 AppLayer.a(Streams.o)
                0x080176b8                KC_V_RegisterStreamReadCallback
 .text.KC_V_RegisterStreamPollForWriteCallback
                0x080176c0        0x8 AppLayer.a(Streams.o)
                0x080176c0                KC_V_RegisterStreamPollForWriteCallback
 .text.KC_V_PollForStreamWrite
                0x080176c8       0x48 AppLayer.a(Streams.o)
                0x080176c8                KC_V_PollForStreamWrite
 .text.KC_V_ConnectStream
                0x08017710       0x3c AppLayer.a(Streams.o)
                0x08017710                KC_V_ConnectStream
 .text.KC_V_DisconnectStream
                0x0801774c       0x30 AppLayer.a(Streams.o)
                0x0801774c                KC_V_DisconnectStream
 .text.KC_E_SocketWriteToStream
                0x0801777c        0xc AppLayer.a(Socket.o)
                0x0801777c                KC_E_SocketWriteToStream
 .text.KC_E_SocketReadFromStream
                0x08017788        0xc AppLayer.a(Socket.o)
                0x08017788                KC_E_SocketReadFromStream
 .text.KC_E_SocketInit
                0x08017794       0x6c AppLayer.a(Socket.o)
                0x08017794                KC_E_SocketInit
 .text.KC_E_SocketGet
                0x08017800        0xc AppLayer.a(Socket.o)
                0x08017800                KC_E_SocketGet
 .text.KC_E_SocketPut
                0x0801780c       0x24 AppLayer.a(Socket.o)
                0x0801780c                KC_E_SocketPut
 .text.KC_S16_QueuePut
                0x08017830       0x6c AppLayer.a(Queue.o)
                0x08017830                KC_S16_QueuePut
 .text.KC_S16_QueueGet
                0x0801789c       0x64 AppLayer.a(Queue.o)
                0x0801789c                KC_S16_QueueGet
 .text.KC_S16_QueueUnGet
                0x08017900       0x70 AppLayer.a(Queue.o)
                0x08017900                KC_S16_QueueUnGet
 .text.KC_U16_QueueLength
                0x08017970       0x38 AppLayer.a(Queue.o)
                0x08017970                KC_U16_QueueLength
 .text.KC_U16_QueueCapacity
                0x080179a8        0x4 AppLayer.a(Queue.o)
                0x080179a8                KC_U16_QueueCapacity
 .text.KC_E_BasicCanSocketInit
                0x080179ac        0xc AppLayer.a(BasicCanSocket.o)
                0x080179ac                KC_E_BasicCanSocketInit
 .text.KC_E_BasicCanKC_E_SocketGet
                0x080179b8       0x3c AppLayer.a(BasicCanSocket.o)
                0x080179b8                KC_E_BasicCanKC_E_SocketGet
 .text.KC_E_BasicCanSocketPut
                0x080179f4       0x38 AppLayer.a(BasicCanSocket.o)
                0x080179f4                KC_E_BasicCanSocketPut
 .text.KC_E_BasicCanSocketReadFromStream
                0x08017a2c       0x38 AppLayer.a(BasicCanSocket.o)
                0x08017a2c                KC_E_BasicCanSocketReadFromStream
 .text.KC_E_BasicCanSocketWriteToStream
                0x08017a64       0x4c AppLayer.a(BasicCanSocket.o)
                0x08017a64                KC_E_BasicCanSocketWriteToStream
 .text.KC_V_BasicCanSocketFlushQueue
                0x08017ab0       0x28 AppLayer.a(BasicCanSocket.o)
                0x08017ab0                KC_V_BasicCanSocketFlushQueue
 .text.K_V_Icu_Init
                0x08017ad8      0x244 AppLayer.a(ICU.o)
                0x08017ad8                K_V_Icu_Init
 .text.K_U16_GetFrequencyInput
                0x08017d1c      0x2f0 AppLayer.a(ICU.o)
                0x08017d1c                K_U16_GetFrequencyInput
 .text.K_U16_EnableQuadEncoder
                0x0801800c       0x60 AppLayer.a(ICU.o)
                0x0801800c                K_U16_EnableQuadEncoder
 .text.K_U16_GetQuadPulseCount
                0x0801806c       0x58 AppLayer.a(ICU.o)
                0x0801806c                K_U16_GetQuadPulseCount
 .text.K_U16_EnablePhaseDetect
                0x080180c4       0x8c AppLayer.a(ICU.o)
                0x080180c4                K_U16_EnablePhaseDetect
 .text.K_U16_GetPhaseTime
                0x08018150      0x174 AppLayer.a(ICU.o)
                0x08018150                K_U16_GetPhaseTime
 .text.K_V_EXTI_Init
                0x080182c4      0x20c AppLayer.a(EXTI.o)
                0x080182c4                K_V_EXTI_Init
 .text.K_V_SetEXTI_Callback
                0x080184d0       0x10 AppLayer.a(EXTI_Irq.o)
                0x080184d0                K_V_SetEXTI_Callback
 .text.K_V_EXTI0_ISR
                0x080184e0       0x28 AppLayer.a(EXTI_Irq.o)
                0x080184e0                K_V_EXTI0_ISR
 .text.K_V_EXTI1_ISR
                0x08018508       0x28 AppLayer.a(EXTI_Irq.o)
                0x08018508                K_V_EXTI1_ISR
 .text.K_V_EXTI2_ISR
                0x08018530       0x28 AppLayer.a(EXTI_Irq.o)
                0x08018530                K_V_EXTI2_ISR
 .text.K_V_EXTI3_ISR
                0x08018558       0x28 AppLayer.a(EXTI_Irq.o)
                0x08018558                K_V_EXTI3_ISR
 .text.K_V_EXTI4_ISR
                0x08018580       0x28 AppLayer.a(EXTI_Irq.o)
                0x08018580                K_V_EXTI4_ISR
 .text.K_V_EXTI9_5_ISR
                0x080185a8       0x84 AppLayer.a(EXTI_Irq.o)
                0x080185a8                K_V_EXTI9_5_ISR
 .text.K_V_EXTI15_10_ISR
                0x0801862c       0x98 AppLayer.a(EXTI_Irq.o)
                0x0801862c                K_V_EXTI15_10_ISR
 .text.K_V_PVD_ISR
                0x080186c4       0x28 AppLayer.a(EXTI_Irq.o)
                0x080186c4                K_V_PVD_ISR
 .text.K_V_RTC_Alarm_ISR
                0x080186ec       0x28 AppLayer.a(EXTI_Irq.o)
                0x080186ec                K_V_RTC_Alarm_ISR
 .text.K_V_OTG_FS_WKUP_ISR
                0x08018714       0x28 AppLayer.a(EXTI_Irq.o)
                0x08018714                K_V_OTG_FS_WKUP_ISR
 .text.K_V_ETH_WKUP_ISR
                0x0801873c       0x28 AppLayer.a(EXTI_Irq.o)
                0x0801873c                K_V_ETH_WKUP_ISR
 .text.K_V_OTG_HS_WKUP_ISR
                0x08018764       0x28 AppLayer.a(EXTI_Irq.o)
                0x08018764                K_V_OTG_HS_WKUP_ISR
 .text.K_V_TAMPER_ISR
                0x0801878c       0x28 AppLayer.a(EXTI_Irq.o)
                0x0801878c                K_V_TAMPER_ISR
 .text.K_V_RTC_ISR
                0x080187b4       0x28 AppLayer.a(EXTI_Irq.o)
                0x080187b4                K_V_RTC_ISR
 .text.K_B_GPIOLock
                0x080187dc       0x50 AppLayer.a(GPIO.o)
                0x080187dc                K_B_GPIOLock
 .text.MV_LayerInit
                0x0801882c       0xcc AppLayer.a(LTDC.o)
 .text.M_V_ISR_LTDC_Error
                0x080188f8       0x18 AppLayer.a(LTDC.o)
 .text.K_U16_LTDCInit
                0x08018910      0x1f4 AppLayer.a(LTDC.o)
                0x08018910                K_U16_LTDCInit
 .text.K_U16_SetFrameBuffer
                0x08018b04       0x28 AppLayer.a(LTDC.o)
                0x08018b04                K_U16_SetFrameBuffer
 .text.K_U16_GetBufferStatus
                0x08018b2c        0xc AppLayer.a(LTDC.o)
                0x08018b2c                K_U16_GetBufferStatus
 .text.K_V_LTDC_Layer1Enable
                0x08018b38       0x2c AppLayer.a(LTDC.o)
                0x08018b38                K_V_LTDC_Layer1Enable
 .text.chMBPostI
                0x08018b64       0x30 AppLayer.a(chmboxes.o)
                0x08018b64                chMBPostI
 .text.chMBFetch
                0x08018b94       0x4c AppLayer.a(chmboxes.o)
                0x08018b94                chMBFetch
 .text.K_V_InitQSpiFLASH
                0x08018be0      0x330 AppLayer.a(QSPI_Flash_S25FL128.o)
                0x08018be0                K_V_InitQSpiFLASH
 .text.AC_U16_QSPI_MemoryMappedModeEnable
                0x08018f10       0x64 AppLayer.a(QSPI_Flash_S25FL128.o)
                0x08018f10                AC_U16_QSPI_MemoryMappedModeEnable
 .text.M_V_LCD  0x08018f74       0x48 AppLayer.a(scheduler_pthread_graphic.o)
 .text.SchedulerOfferGraphicTree
                0x08018fbc       0x2c AppLayer.a(scheduler_pthread_graphic.o)
                0x08018fbc                SchedulerOfferGraphicTree
 .text.SchedulerDeliverGraphicTree
                0x08018fe8       0x28 AppLayer.a(scheduler_pthread_graphic.o)
                0x08018fe8                SchedulerDeliverGraphicTree
 .text.SchedulerCreateGraphicThread
                0x08019010       0x2c AppLayer.a(scheduler_pthread_graphic.o)
                0x08019010                SchedulerCreateGraphicThread
 .text.SchedulerResetGraphicTreeDelivered
                0x0801903c        0xc AppLayer.a(scheduler_pthread_graphic.o)
                0x0801903c                SchedulerResetGraphicTreeDelivered
 .text.AC_V_CheckCRCs
                0x08019048       0x70 AppLayer.a(TaskCmn.o)
                0x08019048                AC_V_CheckCRCs
 .text.AC_V_InitHWConfig
                0x080190b8       0x2c AppLayer.a(HWConfig.o)
                0x080190b8                AC_V_InitHWConfig
 .text.AC_V_GetHWConfig
                0x080190e4       0x2c AppLayer.a(HWConfig.o)
                0x080190e4                AC_V_GetHWConfig
 .text.AC_V_VLDPUpdate
                0x08019110       0x38 AppLayer.a(VLDP.o)
                0x08019110                AC_V_VLDPUpdate
 .text.AC_V_Led2DisplayUpdate
                0x08019148       0x38 AppLayer.a(Led2_Display.o)
                0x08019148                AC_V_Led2DisplayUpdate
 .text.AC_V_Led2Init
                0x08019180        0xc AppLayer.a(Led2_Display.o)
                0x08019180                AC_V_Led2Init
 .text.AC_V_Led2DisplayDisable
                0x0801918c       0x2c AppLayer.a(Led2_Display.o)
                0x0801918c                AC_V_Led2DisplayDisable
 .text.AC_V_DOUT14Init
                0x080191b8       0x10 AppLayer.a(DOUT14.o)
                0x080191b8                AC_V_DOUT14Init
 .text.AC_V_DOUT14_DISABLE
                0x080191c8        0x4 AppLayer.a(DOUT14.o)
                0x080191c8                AC_V_DOUT14_DISABLE
 .text.AC_V_DOUT14InUpdate
                0x080191cc       0x24 AppLayer.a(DOUT14.o)
                0x080191cc                AC_V_DOUT14InUpdate
 .text.AC_V_DOUT14OutUpdate
                0x080191f0       0x20 AppLayer.a(DOUT14.o)
                0x080191f0                AC_V_DOUT14OutUpdate
 .text.AC_V_LCD1_Init
                0x08019210       0x38 AppLayer.a(LCD1.o)
                0x08019210                AC_V_LCD1_Init
 .text.AC_V_LCD1_UpdateOut
                0x08019248       0x48 AppLayer.a(LCD1.o)
                0x08019248                AC_V_LCD1_UpdateOut
 .text.AC_V_LCD1_DisableBackLight
                0x08019290        0xc AppLayer.a(LCD1.o)
                0x08019290                AC_V_LCD1_DisableBackLight